../Core/Src/main.c:125:6:parqueos_disponiblesA	24	static
../Core/Src/main.c:150:6:parqueos_disponiblesB	24	static
../Core/Src/main.c:175:6:actualizar_leds	16	static
../Core/Src/main.c:193:6:AnimarAutoEnParqueo	128	static
../Core/Src/main.c:262:5:main	40	static
../Core/Src/main.c:540:6:SystemClock_Config	88	static
../Core/Src/main.c:588:13:MX_ADC2_Init	24	static
../Core/Src/main.c:676:13:MX_I2C1_Init	8	static
../Core/Src/main.c:710:13:MX_SPI1_Init	8	static
../Core/Src/main.c:748:13:MX_TIM3_Init	64	static
../Core/Src/main.c:807:13:MX_USART2_UART_Init	8	static
../Core/Src/main.c:838:13:MX_DMA_Init	16	static
../Core/Src/main.c:860:13:MX_GPIO_Init	48	static
../Core/Src/main.c:913:6:HAL_I2C_ListenCpltCallback	16	static
../Core/Src/main.c:917:6:HAL_I2C_AddrCallback	16	static
../Core/Src/main.c:933:6:HAL_I2C_SlaveRxCpltCallback	16	static
../Core/Src/main.c:937:6:HAL_I2C_SlaveTxCpltCallback	16	static
../Core/Src/main.c:941:6:HAL_I2C_ErrorCallback	16	static
../Core/Src/main.c:952:6:Error_Handler	4	static,ignoring_inline_asm
