Archive member included to satisfy reference by file (symbol)

C:/ST/STM32CubeIDE_2.1.0/STM32CubeIDE/plugins/com.st.stm32cube.ide.mcu.externaltools.gnu-tools-for-stm32.14.3.rel1.win32_1.0.100.202602081740/tools/bin/../lib/gcc/arm-none-eabi/14.3.1/../../../../arm-none-eabi/lib/thumb/v7e-m+fp/hard\libc_nano.a(libc_a-exit.o)
                              C:/ST/STM32CubeIDE_2.1.0/STM32CubeIDE/plugins/com.st.stm32cube.ide.mcu.externaltools.gnu-tools-for-stm32.14.3.rel1.win32_1.0.100.202602081740/tools/bin/../lib/gcc/arm-none-eabi/14.3.1/../../../../arm-none-eabi/lib/thumb/v7e-m+fp/hard/crt0.o (exit)
C:/ST/STM32CubeIDE_2.1.0/STM32CubeIDE/plugins/com.st.stm32cube.ide.mcu.externaltools.gnu-tools-for-stm32.14.3.rel1.win32_1.0.100.202602081740/tools/bin/../lib/gcc/arm-none-eabi/14.3.1/../../../../arm-none-eabi/lib/thumb/v7e-m+fp/hard\libc_nano.a(libc_a-findfp.o)
                              C:/ST/STM32CubeIDE_2.1.0/STM32CubeIDE/plugins/com.st.stm32cube.ide.mcu.externaltools.gnu-tools-for-stm32.14.3.rel1.win32_1.0.100.202602081740/tools/bin/../lib/gcc/arm-none-eabi/14.3.1/../../../../arm-none-eabi/lib/thumb/v7e-m+fp/hard\libc_nano.a(libc_a-exit.o) (__stdio_exit_handler)
C:/ST/STM32CubeIDE_2.1.0/STM32CubeIDE/plugins/com.st.stm32cube.ide.mcu.externaltools.gnu-tools-for-stm32.14.3.rel1.win32_1.0.100.202602081740/tools/bin/../lib/gcc/arm-none-eabi/14.3.1/../../../../arm-none-eabi/lib/thumb/v7e-m+fp/hard\libc_nano.a(libc_a-fwalk.o)
                              C:/ST/STM32CubeIDE_2.1.0/STM32CubeIDE/plugins/com.st.stm32cube.ide.mcu.externaltools.gnu-tools-for-stm32.14.3.rel1.win32_1.0.100.202602081740/tools/bin/../lib/gcc/arm-none-eabi/14.3.1/../../../../arm-none-eabi/lib/thumb/v7e-m+fp/hard\libc_nano.a(libc_a-findfp.o) (_fwalk_sglue)
C:/ST/STM32CubeIDE_2.1.0/STM32CubeIDE/plugins/com.st.stm32cube.ide.mcu.externaltools.gnu-tools-for-stm32.14.3.rel1.win32_1.0.100.202602081740/tools/bin/../lib/gcc/arm-none-eabi/14.3.1/../../../../arm-none-eabi/lib/thumb/v7e-m+fp/hard\libc_nano.a(libc_a-stdio.o)
                              C:/ST/STM32CubeIDE_2.1.0/STM32CubeIDE/plugins/com.st.stm32cube.ide.mcu.externaltools.gnu-tools-for-stm32.14.3.rel1.win32_1.0.100.202602081740/tools/bin/../lib/gcc/arm-none-eabi/14.3.1/../../../../arm-none-eabi/lib/thumb/v7e-m+fp/hard\libc_nano.a(libc_a-findfp.o) (__sread)
C:/ST/STM32CubeIDE_2.1.0/STM32CubeIDE/plugins/com.st.stm32cube.ide.mcu.externaltools.gnu-tools-for-stm32.14.3.rel1.win32_1.0.100.202602081740/tools/bin/../lib/gcc/arm-none-eabi/14.3.1/../../../../arm-none-eabi/lib/thumb/v7e-m+fp/hard\libc_nano.a(libc_a-memset.o)
                              C:/ST/STM32CubeIDE_2.1.0/STM32CubeIDE/plugins/com.st.stm32cube.ide.mcu.externaltools.gnu-tools-for-stm32.14.3.rel1.win32_1.0.100.202602081740/tools/bin/../lib/gcc/arm-none-eabi/14.3.1/../../../../arm-none-eabi/lib/thumb/v7e-m+fp/hard/crt0.o (memset)
C:/ST/STM32CubeIDE_2.1.0/STM32CubeIDE/plugins/com.st.stm32cube.ide.mcu.externaltools.gnu-tools-for-stm32.14.3.rel1.win32_1.0.100.202602081740/tools/bin/../lib/gcc/arm-none-eabi/14.3.1/../../../../arm-none-eabi/lib/thumb/v7e-m+fp/hard\libc_nano.a(libc_a-closer.o)
                              C:/ST/STM32CubeIDE_2.1.0/STM32CubeIDE/plugins/com.st.stm32cube.ide.mcu.externaltools.gnu-tools-for-stm32.14.3.rel1.win32_1.0.100.202602081740/tools/bin/../lib/gcc/arm-none-eabi/14.3.1/../../../../arm-none-eabi/lib/thumb/v7e-m+fp/hard\libc_nano.a(libc_a-stdio.o) (_close_r)
C:/ST/STM32CubeIDE_2.1.0/STM32CubeIDE/plugins/com.st.stm32cube.ide.mcu.externaltools.gnu-tools-for-stm32.14.3.rel1.win32_1.0.100.202602081740/tools/bin/../lib/gcc/arm-none-eabi/14.3.1/../../../../arm-none-eabi/lib/thumb/v7e-m+fp/hard\libc_nano.a(libc_a-reent.o)
                              C:/ST/STM32CubeIDE_2.1.0/STM32CubeIDE/plugins/com.st.stm32cube.ide.mcu.externaltools.gnu-tools-for-stm32.14.3.rel1.win32_1.0.100.202602081740/tools/bin/../lib/gcc/arm-none-eabi/14.3.1/../../../../arm-none-eabi/lib/thumb/v7e-m+fp/hard\libc_nano.a(libc_a-closer.o) (errno)
C:/ST/STM32CubeIDE_2.1.0/STM32CubeIDE/plugins/com.st.stm32cube.ide.mcu.externaltools.gnu-tools-for-stm32.14.3.rel1.win32_1.0.100.202602081740/tools/bin/../lib/gcc/arm-none-eabi/14.3.1/../../../../arm-none-eabi/lib/thumb/v7e-m+fp/hard\libc_nano.a(libc_a-impure.o)
                              C:/ST/STM32CubeIDE_2.1.0/STM32CubeIDE/plugins/com.st.stm32cube.ide.mcu.externaltools.gnu-tools-for-stm32.14.3.rel1.win32_1.0.100.202602081740/tools/bin/../lib/gcc/arm-none-eabi/14.3.1/../../../../arm-none-eabi/lib/thumb/v7e-m+fp/hard\libc_nano.a(libc_a-reent.o) (_impure_ptr)
C:/ST/STM32CubeIDE_2.1.0/STM32CubeIDE/plugins/com.st.stm32cube.ide.mcu.externaltools.gnu-tools-for-stm32.14.3.rel1.win32_1.0.100.202602081740/tools/bin/../lib/gcc/arm-none-eabi/14.3.1/../../../../arm-none-eabi/lib/thumb/v7e-m+fp/hard\libc_nano.a(libc_a-lseekr.o)
[...]
Memory Configuration

Name             Origin             Length             Attributes
RAM              0x20000000         0x00020000         xrw
FLASH            0x08000000         0x00080000         xr
*default*        0x00000000         0xffffffff

Linker script and memory map

LOAD C:/ST/STM32CubeIDE_2.1.0/STM32CubeIDE/plugins/com.st.stm32cube.ide.mcu.externaltools.gnu-tools-for-stm32.14.3.rel1.win32_1.0.100.202602081740/tools/bin/../lib/gcc/arm-none-eabi/14.3.1/thumb/v7e-m+fp/hard/crti.o
LOAD C:/ST/STM32CubeIDE_2.1.0/STM32CubeIDE/plugins/com.st.stm32cube.ide.mcu.externaltools.gnu-tools-for-stm32.14.3.rel1.win32_1.0.100.202602081740/tools/bin/../lib/gcc/arm-none-eabi/14.3.1/thumb/v7e-m+fp/hard/crtbegin.o
LOAD C:/ST/STM32CubeIDE_2.1.0/STM32CubeIDE/plugins/com.st.stm32cube.ide.mcu.externaltools.gnu-tools-for-stm32.14.3.rel1.win32_1.0.100.202602081740/tools/bin/../lib/gcc/arm-none-eabi/14.3.1/../../../../arm-none-eabi/lib/thumb/v7e-m+fp/hard/crt0.o
LOAD ./Core/Src/fatfs_sd.o
LOAD ./Core/Src/font.o
LOAD ./Core/Src/graficos.o
LOAD ./Core/Src/ili9341.o
LOAD ./Core/Src/main.o
LOAD ./Core/Src/stm32f4xx_hal_msp.o
LOAD ./Core/Src/stm32f4xx_it.o
LOAD ./Core/Src/syscalls.o
LOAD ./Core/Src/sysmem.o
LOAD ./Core/Src/system_stm32f4xx.o
LOAD ./Core/Startup/startup_stm32f446retx.o
LOAD ./Drivers/STM32F4xx_HAL_Driver/Src/stm32f4xx_hal.o
LOAD ./Drivers/STM32F4xx_HAL_Driver/Src/stm32f4xx_hal_cortex.o
LOAD ./Drivers/STM32F4xx_HAL_Driver/Src/stm32f4xx_hal_dma.o
LOAD ./Drivers/STM32F4xx_HAL_Driver/Src/stm32f4xx_hal_dma_ex.o
LOAD ./Drivers/STM32F4xx_HAL_Driver/Src/stm32f4xx_hal_exti.o
LOAD ./Drivers/STM32F4xx_HAL_Driver/Src/stm32f4xx_hal_flash.o
LOAD ./Drivers/STM32F4xx_HAL_Driver/Src/stm32f4xx_hal_flash_ex.o
LOAD ./Drivers/STM32F4xx_HAL_Driver/Src/stm32f4xx_hal_flash_ramfunc.o
LOAD ./Drivers/STM32F4xx_HAL_Driver/Src/stm32f4xx_hal_gpio.o
LOAD ./Drivers/STM32F4xx_HAL_Driver/Src/stm32f4xx_hal_pwr.o
LOAD ./Drivers/STM32F4xx_HAL_Driver/Src/stm32f4xx_hal_pwr_ex.o
LOAD ./Drivers/STM32F4xx_HAL_Driver/Src/stm32f4xx_hal_rcc.o
LOAD ./Drivers/STM32F4xx_HAL_Driver/Src/stm32f4xx_hal_rcc_ex.o
LOAD ./Drivers/STM32F4xx_HAL_Driver/Src/stm32f4xx_hal_spi.o
LOAD ./Drivers/STM32F4xx_HAL_Driver/Src/stm32f4xx_hal_tim.o
LOAD ./Drivers/STM32F4xx_HAL_Driver/Src/stm32f4xx_hal_tim_ex.o
LOAD ./Drivers/STM32F4xx_HAL_Driver/Src/stm32f4xx_hal_uart.o
LOAD ./FATFS/App/fatfs.o
LOAD ./FATFS/Target/user_diskio.o
LOAD ./Middlewares/Third_Party/FatFs/src/diskio.o
LOAD ./Middlewares/Third_Party/FatFs/src/ff.o
LOAD ./Middlewares/Third_Party/FatFs/src/ff_gen_drv.o
LOAD ./Middlewares/Third_Party/FatFs/src/option/ccsbcs.o
LOAD ./Middlewares/Third_Party/FatFs/src/option/syscall.o
START GROUP
LOAD C:/ST/STM32CubeIDE_2.1.0/STM32CubeIDE/plugins/com.st.stm32cube.ide.mcu.externaltools.gnu-tools-for-stm32.14.3.rel1.win32_1.0.100.202602081740/tools/bin/../lib/gcc/arm-none-eabi/14.3.1/../../../../arm-none-eabi/lib/thumb/v7e-m+fp/hard\libc_nano.a
LOAD C:/ST/STM32CubeIDE_2.1.0/STM32CubeIDE/plugins/com.st.stm32cube.ide.mcu.externaltools.gnu-tools-for-stm32.14.3.rel1.win32_1.0.100.202602081740/tools/bin/../lib/gcc/arm-none-eabi/14.3.1/../../../../arm-none-eabi/lib/thumb/v7e-m+fp/hard\libm.a
END GROUP
START GROUP
LOAD C:/ST/STM32CubeIDE_2.1.0/STM32CubeIDE/plugins/com.st.stm32cube.ide.mcu.externaltools.gnu-tools-for-stm32.14.3.rel1.win32_1.0.100.202602081740/tools/bin/../lib/gcc/arm-none-eabi/14.3.1/thumb/v7e-m+fp/hard\libgcc.a
LOAD C:/ST/STM32CubeIDE_2.1.0/STM32CubeIDE/plugins/com.st.stm32cube.ide.mcu.externaltools.gnu-tools-for-stm32.14.3.rel1.win32_1.0.100.202602081740/tools/bin/../lib/gcc/arm-none-eabi/14.3.1/../../../../arm-none-eabi/lib/thumb/v7e-m+fp/hard\libc_nano.a
END GROUP
START GROUP
LOAD C:/ST/STM32CubeIDE_2.1.0/STM32CubeIDE/plugins/com.st.stm32cube.ide.mcu.externaltools.gnu-tools-for-stm32.14.3.rel1.win32_1.0.100.202602081740/tools/bin/../lib/gcc/arm-none-eabi/14.3.1/thumb/v7e-m+fp/hard\libgcc.a
LOAD C:/ST/STM32CubeIDE_2.1.0/STM32CubeIDE/plugins/com.st.stm32cube.ide.mcu.externaltools.gnu-tools-for-stm32.14.3.rel1.win32_1.0.100.202602081740/tools/bin/../lib/gcc/arm-none-eabi/14.3.1/../../../../arm-none-eabi/lib/thumb/v7e-m+fp/hard\libc_nano.a
LOAD C:/ST/STM32CubeIDE_2.1.0/STM32CubeIDE/plugins/com.st.stm32cube.ide.mcu.externaltools.gnu-tools-for-stm32.14.3.rel1.win32_1.0.100.202602081740/tools/bin/../lib/gcc/arm-none-eabi/14.3.1/../../../../arm-none-eabi/lib/thumb/v7e-m+fp/hard\libnosys.a
END GROUP
START GROUP
LOAD C:/ST/STM32CubeIDE_2.1.0/STM32CubeIDE/plugins/com.st.stm32cube.ide.mcu.externaltools.gnu-tools-for-stm32.14.3.rel1.win32_1.0.100.202602081740/tools/bin/../lib/gcc/arm-none-eabi/14.3.1/thumb/v7e-m+fp/hard\libgcc.a
LOAD C:/ST/STM32CubeIDE_2.1.0/STM32CubeIDE/plugins/com.st.stm32cube.ide.mcu.externaltools.gnu-tools-for-stm32.14.3.rel1.win32_1.0.100.202602081740/tools/bin/../lib/gcc/arm-none-eabi/14.3.1/../../../../arm-none-eabi/lib/thumb/v7e-m+fp/hard\libc_nano.a
LOAD C:/ST/STM32CubeIDE_2.1.0/STM32CubeIDE/plugins/com.st.stm32cube.ide.mcu.externaltools.gnu-tools-for-stm32.14.3.rel1.win32_1.0.100.202602081740/tools/bin/../lib/gcc/arm-none-eabi/14.3.1/../../../../arm-none-eabi/lib/thumb/v7e-m+fp/hard\libnosys.a
END GROUP
LOAD C:/ST/STM32CubeIDE_2.1.0/STM32CubeIDE/plugins/com.st.stm32cube.ide.mcu.externaltools.gnu-tools-for-stm32.14.3.rel1.win32_1.0.100.202602081740/tools/bin/../lib/gcc/arm-none-eabi/14.3.1/thumb/v7e-m+fp/hard/crtend.o
LOAD C:/ST/STM32CubeIDE_2.1.0/STM32CubeIDE/plugins/com.st.stm32cube.ide.mcu.externaltools.gnu-tools-for-stm32.14.3.rel1.win32_1.0.100.202602081740/tools/bin/../lib/gcc/arm-none-eabi/14.3.1/thumb/v7e-m+fp/hard/crtn.o
                0x20020000                        _estack = (ORIGIN (RAM) + LENGTH (RAM))
                0x00000200                        _Min_Heap_Size = 0x200
                0x00000400                        _Min_Stack_Size = 0x400

.isr_vector     0x08000000      0x1c4
                0x08000000                        . = ALIGN (0x4)
 *(.isr_vector)
 .isr_vector    0x08000000      0x1c4 ./Core/Startup/startup_stm32f446retx.o
                0x08000000                g_pfnVectors
                0x080001c4                        . = ALIGN (0x4)

.text           0x080001c4     0x5f24
                0x080001c4                        . = ALIGN (0x4)
 *(.text)
 .text          0x080001c4       0x40 C:/ST/STM32CubeIDE_2.1.0/STM32CubeIDE/plugins/com.st.stm32cube.ide.mcu.externaltools.gnu-tools-for-stm32.14.3.rel1.win32_1.0.100.202602081740/tools/bin/../lib/gcc/arm-none-eabi/14.3.1/thumb/v7e-m+fp/hard/crtbegin.o
 .text          0x08000204       0x10 C:/ST/STM32CubeIDE_2.1.0/STM32CubeIDE/plugins/com.st.stm32cube.ide.mcu.externaltools.gnu-tools-for-stm32.14.3.rel1.win32_1.0.100.202602081740/tools/bin/../lib/gcc/arm-none-eabi/14.3.1/../../../../arm-none-eabi/lib/thumb/v7e-m+fp/hard\libc_nano.a(libc_a-strlen.o)
                0x08000204                strlen
 .text          0x08000214       0x30 C:/ST/STM32CubeIDE_2.1.0/STM32CubeIDE/plugins/com.st.stm32cube.ide.mcu.externaltools.gnu-tools-for-stm32.14.3.rel1.win32_1.0.100.202602081740/tools/bin/../lib/gcc/arm-none-eabi/14.3.1/thumb/v7e-m+fp/hard\libgcc.a(_aeabi_uldivmod.o)
                0x08000214                __aeabi_uldivmod
 .text          0x08000244      0x2f8 C:/ST/STM32CubeIDE_2.1.0/STM32CubeIDE/plugins/com.st.stm32cube.ide.mcu.externaltools.gnu-tools-for-stm32.14.3.rel1.win32_1.0.100.202602081740/tools/bin/../lib/gcc/arm-none-eabi/14.3.1/thumb/v7e-m+fp/hard\libgcc.a(_udivmoddi4.o)
                0x08000244                __udivmoddi4
 .text          0x0800053c        0x4 C:/ST/STM32CubeIDE_2.1.0/STM32CubeIDE/plugins/com.st.stm32cube.ide.mcu.externaltools.gnu-tools-for-stm32.14.3.rel1.win32_1.0.100.202602081740/tools/bin/../lib/gcc/arm-none-eabi/14.3.1/thumb/v7e-m+fp/hard\libgcc.a(_dvmd_tls.o)
                0x0800053c                __aeabi_idiv0
                0x0800053c                __aeabi_ldiv0
 *(.text*)
 .text.SELECT   0x08000540       0x1c ./Core/Src/fatfs_sd.o
 .text.DESELECT
                0x0800055c       0x1c ./Core/Src/fatfs_sd.o
 .text.SPI_TxByte
                0x08000578       0x34 ./Core/Src/fatfs_sd.o
 .text.SPI_TxBuffer
                0x080005ac       0x34 ./Core/Src/fatfs_sd.o
 .text.SPI_RxByte
                0x080005e0       0x38 ./Core/Src/fatfs_sd.o
 .text.SPI_RxBytePtr
                0x08000618       0x1c ./Core/Src/fatfs_sd.o
 .text.SD_ReadyWait
                0x08000634       0x34 ./Core/Src/fatfs_sd.o
 .text.SD_PowerOn
                0x08000668       0x84 ./Core/Src/fatfs_sd.o
 .text.SD_PowerOff
                0x080006ec       0x18 ./Core/Src/fatfs_sd.o
 .text.SD_CheckPower
                0x08000704       0x18 ./Core/Src/fatfs_sd.o
 .text.SD_RxDataBlock
                0x0800071c       0x60 ./Core/Src/fatfs_sd.o
 .text.SD_TxDataBlock
                0x0800077c       0xa0 ./Core/Src/fatfs_sd.o
 .text.SD_SendCmd
                0x0800081c       0xa8 ./Core/Src/fatfs_sd.o
 .text.SD_disk_initialize
                0x080008c4      0x1d8 ./Core/Src/fatfs_sd.o
                0x080008c4                SD_disk_initialize
 .text.SD_disk_status
                0x08000a9c       0x2c ./Core/Src/fatfs_sd.o
                0x08000a9c                SD_disk_status
 .text.SD_disk_read
                0x08000ac8       0xd4 ./Core/Src/fatfs_sd.o
                0x08000ac8                SD_disk_read
 .text.SD_disk_write
                0x08000b9c      0x108 ./Core/Src/fatfs_sd.o
                0x08000b9c                SD_disk_write
 .text.SD_disk_ioctl
                0x08000ca4      0x25c ./Core/Src/fatfs_sd.o
                0x08000ca4                SD_disk_ioctl
 .text.LCD_Init
                0x08000f00      0x1f8 ./Core/Src/ili9341.o
                0x08000f00                LCD_Init
 .text.LCD_CMD  0x080010f8       0x68 ./Core/Src/ili9341.o
                0x080010f8                LCD_CMD
 .text.LCD_DATA
                0x08001160       0x40 ./Core/Src/ili9341.o
                0x08001160                LCD_DATA
 .text.SetWindows
                0x080011a0       0x80 ./Core/Src/ili9341.o
                0x080011a0                SetWindows
 .text.LCD_Clear
                0x08001220       0x78 ./Core/Src/ili9341.o
                0x08001220                LCD_Clear
 .text.LCD_Print
                0x08001298      0x1d0 ./Core/Src/ili9341.o
                0x08001298                LCD_Print
 .text.LCD_Bitmap
                0x08001468       0x90 ./Core/Src/ili9341.o
                0x08001468                LCD_Bitmap
 .text.LCD_Bitmap_DMA
                0x080014f8       0x9c ./Core/Src/ili9341.o
                0x080014f8                LCD_Bitmap_DMA
 .text.LCD_DibujarSpriteUniversal
                0x08001594       0xf0 ./Core/Src/ili9341.o
                0x08001594                LCD_DibujarSpriteUniversal
 .text.main     0x08001684       0xd0 ./Core/Src/main.o
                0x08001684                main
 .text.SystemClock_Config
                0x08001754       0xdc ./Core/Src/main.o
                0x08001754                SystemClock_Config
 .text.MX_SPI1_Init
                0x08001830       0x6c ./Core/Src/main.o
 .text.MX_TIM2_Init
                0x0800189c       0x98 ./Core/Src/main.o
 .text.MX_UART5_Init
                0x08001934       0x54 ./Core/Src/main.o
 .text.MX_USART1_UART_Init
                0x08001988       0x54 ./Core/Src/main.o
 .text.MX_USART2_UART_Init
                0x080019dc       0x54 ./Core/Src/main.o
 .text.MX_USART3_UART_Init
                0x08001a30       0x54 ./Core/Src/main.o
 .text.MX_DMA_Init
                0x08001a84       0x40 ./Core/Src/main.o
 .text.MX_GPIO_Init
                0x08001ac4      0x148 ./Core/Src/main.o
 .text.HAL_SPI_TxCpltCallback
                0x08001c0c       0x2c ./Core/Src/main.o
                0x08001c0c                HAL_SPI_TxCpltCallback
 .text.Error_Handler
                0x08001c38        0xc ./Core/Src/main.o
                0x08001c38                Error_Handler
 .text.HAL_MspInit
                0x08001c44       0x50 ./Core/Src/stm32f4xx_hal_msp.o
                0x08001c44                HAL_MspInit
 .text.HAL_SPI_MspInit
                0x08001c94       0xf4 ./Core/Src/stm32f4xx_hal_msp.o
                0x08001c94                HAL_SPI_MspInit
 .text.HAL_TIM_Base_MspInit
                0x08001d88       0x4c ./Core/Src/stm32f4xx_hal_msp.o
                0x08001d88                HAL_TIM_Base_MspInit
 .text.HAL_UART_MspInit
                0x08001dd4      0x280 ./Core/Src/stm32f4xx_hal_msp.o
                0x08001dd4                HAL_UART_MspInit
 .text.NMI_Handler
                0x08002054        0x8 ./Core/Src/stm32f4xx_it.o
                0x08002054                NMI_Handler
 .text.HardFault_Handler
                0x0800205c        0x8 ./Core/Src/stm32f4xx_it.o
                0x0800205c                HardFault_Handler
 .text.MemManage_Handler
                0x08002064        0x8 ./Core/Src/stm32f4xx_it.o
                0x08002064                MemManage_Handler
 .text.BusFault_Handler
                0x0800206c        0x8 ./Core/Src/stm32f4xx_it.o
                0x0800206c                BusFault_Handler
 .text.UsageFault_Handler
                0x08002074        0x8 ./Core/Src/stm32f4xx_it.o
                0x08002074                UsageFault_Handler
 .text.SVC_Handler
                0x0800207c        0xe ./Core/Src/stm32f4xx_it.o
                0x0800207c                SVC_Handler
 .text.DebugMon_Handler
                0x0800208a        0xe ./Core/Src/stm32f4xx_it.o
                0x0800208a                DebugMon_Handler
 .text.PendSV_Handler
                0x08002098        0xe ./Core/Src/stm32f4xx_it.o
                0x08002098                PendSV_Handler
 *fill*         0x080020a6        0x2 
 .text.SysTick_Handler
                0x080020a8       0x48 ./Core/Src/stm32f4xx_it.o
                0x080020a8                SysTick_Handler
 .text.TIM2_IRQHandler
                0x080020f0       0x14 ./Core/Src/stm32f4xx_it.o
                0x080020f0                TIM2_IRQHandler
 .text.USART1_IRQHandler
                0x08002104       0x14 ./Core/Src/stm32f4xx_it.o
                0x08002104                USART1_IRQHandler
 .text.USART2_IRQHandler
                0x08002118       0x14 ./Core/Src/stm32f4xx_it.o
                0x08002118                USART2_IRQHandler
 .text.USART3_IRQHandler
                0x0800212c       0x14 ./Core/Src/stm32f4xx_it.o
                0x0800212c                USART3_IRQHandler
 .text.DMA2_Stream3_IRQHandler
                0x08002140       0x14 ./Core/Src/stm32f4xx_it.o
                0x08002140                DMA2_Stream3_IRQHandler
 .text.SystemInit
                0x08002154       0x24 ./Core/Src/system_stm32f4xx.o
                0x08002154                SystemInit
 .text.Reset_Handler
                0x08002178       0x50 ./Core/Startup/startup_stm32f446retx.o
                0x08002178                Reset_Handler
 .text.Default_Handler
                0x080021c8        0x2 ./Core/Startup/startup_stm32f446retx.o
                0x080021c8                RTC_Alarm_IRQHandler
                0x080021c8                EXTI2_IRQHandler
                0x080021c8                TIM8_CC_IRQHandler
                0x080021c8                FMPI2C1_EV_IRQHandler
                0x080021c8                SPI4_IRQHandler
                0x080021c8                TIM1_CC_IRQHandler
                0x080021c8                DMA2_Stream5_IRQHandler
                0x080021c8                DMA1_Stream5_IRQHandler
                0x080021c8                PVD_IRQHandler
                0x080021c8                SDIO_IRQHandler
                0x080021c8                TAMP_STAMP_IRQHandler
                0x080021c8                CAN2_RX1_IRQHandler
                0x080021c8                EXTI3_IRQHandler
                0x080021c8                TIM8_TRG_COM_TIM14_IRQHandler
                0x080021c8                TIM1_UP_TIM10_IRQHandler
                0x080021c8                TIM8_UP_TIM13_IRQHandler
                0x080021c8                I2C3_ER_IRQHandler
                0x080021c8                EXTI0_IRQHandler
                0x080021c8                I2C2_EV_IRQHandler
                0x080021c8                DMA1_Stream2_IRQHandler
                0x080021c8                CAN1_RX0_IRQHandler
                0x080021c8                FPU_IRQHandler
                0x080021c8                OTG_HS_WKUP_IRQHandler
                0x080021c8                CAN2_SCE_IRQHandler
                0x080021c8                DMA2_Stream2_IRQHandler
                0x080021c8                SPI1_IRQHandler
                0x080021c8                TIM6_DAC_IRQHandler
                0x080021c8                TIM1_BRK_TIM9_IRQHandler
                0x080021c8                DCMI_IRQHandler
                0x080021c8                CAN2_RX0_IRQHandler
                0x080021c8                SAI2_IRQHandler
                0x080021c8                USART6_IRQHandler
                0x080021c8                CAN1_RX1_IRQHandler
                0x080021c8                UART5_IRQHandler
                0x080021c8                DMA2_Stream0_IRQHandler
                0x080021c8                TIM4_IRQHandler
                0x080021c8                QUADSPI_IRQHandler
                0x080021c8                I2C1_EV_IRQHandler
                0x080021c8                DMA1_Stream6_IRQHandler
                0x080021c8                DMA1_Stream1_IRQHandler
                0x080021c8                UART4_IRQHandler
                0x080021c8                TIM3_IRQHandler
                0x080021c8                RCC_IRQHandler
                0x080021c8                TIM8_BRK_TIM12_IRQHandler
                0x080021c8                Default_Handler
                0x080021c8                CEC_IRQHandler
                0x080021c8                EXTI15_10_IRQHandler
                0x080021c8                ADC_IRQHandler
                0x080021c8                DMA1_Stream7_IRQHandler
                0x080021c8                TIM7_IRQHandler
                0x080021c8                CAN2_TX_IRQHandler
                0x080021c8                TIM5_IRQHandler
                0x080021c8                DMA2_Stream7_IRQHandler
                0x080021c8                I2C3_EV_IRQHandler
                0x080021c8                EXTI9_5_IRQHandler
                0x080021c8                RTC_WKUP_IRQHandler
                0x080021c8                SPDIF_RX_IRQHandler
                0x080021c8                SPI2_IRQHandler
                0x080021c8                OTG_HS_EP1_IN_IRQHandler
                0x080021c8                DMA1_Stream0_IRQHandler
                0x080021c8                CAN1_TX_IRQHandler
                0x080021c8                FMPI2C1_ER_IRQHandler
                0x080021c8                EXTI4_IRQHandler
                0x080021c8                OTG_HS_EP1_OUT_IRQHandler
                0x080021c8                WWDG_IRQHandler
                0x080021c8                OTG_FS_WKUP_IRQHandler
                0x080021c8                TIM1_TRG_COM_TIM11_IRQHandler
                0x080021c8                OTG_HS_IRQHandler
                0x080021c8                EXTI1_IRQHandler
                0x080021c8                I2C2_ER_IRQHandler
                0x080021c8                DMA2_Stream1_IRQHandler
                0x080021c8                CAN1_SCE_IRQHandler
                0x080021c8                FLASH_IRQHandler
                0x080021c8                DMA2_Stream4_IRQHandler
                0x080021c8                OTG_FS_IRQHandler
                0x080021c8                SPI3_IRQHandler
                0x080021c8                DMA1_Stream4_IRQHandler
                0x080021c8                I2C1_ER_IRQHandler
                0x080021c8                FMC_IRQHandler
                0x080021c8                DMA2_Stream6_IRQHandler
                0x080021c8                SAI1_IRQHandler
                0x080021c8                DMA1_Stream3_IRQHandler
 *fill*         0x080021ca        0x2 
 .text.HAL_Init
                0x080021cc       0x44 ./Drivers/STM32F4xx_HAL_Driver/Src/stm32f4xx_hal.o
                0x080021cc                HAL_Init
 .text.HAL_InitTick
                0x08002210       0x60 ./Drivers/STM32F4xx_HAL_Driver/Src/stm32f4xx_hal.o
                0x08002210                HAL_InitTick
 .text.HAL_IncTick
                0x08002270       0x28 ./Drivers/STM32F4xx_HAL_Driver/Src/stm32f4xx_hal.o
                0x08002270                HAL_IncTick
 .text.HAL_GetTick
                0x08002298       0x18 ./Drivers/STM32F4xx_HAL_Driver/Src/stm32f4xx_hal.o
                0x08002298                HAL_GetTick
 .text.HAL_Delay
                0x080022b0       0x48 ./Drivers/STM32F4xx_HAL_Driver/Src/stm32f4xx_hal.o
                0x080022b0                HAL_Delay
 .text.__NVIC_SetPriorityGrouping
                0x080022f8       0x48 ./Drivers/STM32F4xx_HAL_Driver/Src/stm32f4xx_hal_cortex.o
 .text.__NVIC_GetPriorityGrouping
                0x08002340       0x1c ./Drivers/STM32F4xx_HAL_Driver/Src/stm32f4xx_hal_cortex.o
 .text.__NVIC_EnableIRQ
                0x0800235c       0x3c ./Drivers/STM32F4xx_HAL_Driver/Src/stm32f4xx_hal_cortex.o
 .text.__NVIC_SetPriority
                0x08002398       0x54 ./Drivers/STM32F4xx_HAL_Driver/Src/stm32f4xx_hal_cortex.o
 .text.NVIC_EncodePriority
                0x080023ec       0x66 ./Drivers/STM32F4xx_HAL_Driver/Src/stm32f4xx_hal_cortex.o
 *fill*         0x08002452        0x2 
 .text.SysTick_Config
                0x08002454       0x44 ./Drivers/STM32F4xx_HAL_Driver/Src/stm32f4xx_hal_cortex.o
 .text.HAL_NVIC_SetPriorityGrouping
                0x08002498       0x16 ./Drivers/STM32F4xx_HAL_Driver/Src/stm32f4xx_hal_cortex.o
                0x08002498                HAL_NVIC_SetPriorityGrouping
 .text.HAL_NVIC_SetPriority
                0x080024ae       0x38 ./Drivers/STM32F4xx_HAL_Driver/Src/stm32f4xx_hal_cortex.o
                0x080024ae                HAL_NVIC_SetPriority
 .text.HAL_NVIC_EnableIRQ
                0x080024e6       0x1c ./Drivers/STM32F4xx_HAL_Driver/Src/stm32f4xx_hal_cortex.o
                0x080024e6                HAL_NVIC_EnableIRQ
 .text.HAL_SYSTICK_Config
                0x08002502       0x18 ./Drivers/STM32F4xx_HAL_Driver/Src/stm32f4xx_hal_cortex.o
                0x08002502                HAL_SYSTICK_Config
 .text.HAL_SYSTICK_IRQHandler
                0x0800251a        0xc ./Drivers/STM32F4xx_HAL_Driver/Src/stm32f4xx_hal_cortex.o
                0x0800251a                HAL_SYSTICK_IRQHandler
 .text.HAL_SYSTICK_Callback
                0x08002526        0xe ./Drivers/STM32F4xx_HAL_Driver/Src/stm32f4xx_hal_cortex.o
                0x08002526                HAL_SYSTICK_Callback
 .text.HAL_DMA_Init
                0x08002534      0x15c ./Drivers/STM32F4xx_HAL_Driver/Src/stm32f4xx_hal_dma.o
                0x08002534                HAL_DMA_Init
 .text.HAL_DMA_Start_IT
                0x08002690       0xb0 ./Drivers/STM32F4xx_HAL_Driver/Src/stm32f4xx_hal_dma.o
                0x08002690                HAL_DMA_Start_IT
 .text.HAL_DMA_Abort
                0x08002740       0xe0 ./Drivers/STM32F4xx_HAL_Driver/Src/stm32f4xx_hal_dma.o
                0x08002740                HAL_DMA_Abort
 .text.HAL_DMA_Abort_IT
                0x08002820       0x44 ./Drivers/STM32F4xx_HAL_Driver/Src/stm32f4xx_hal_dma.o
                0x08002820                HAL_DMA_Abort_IT
 .text.HAL_DMA_IRQHandler
                0x08002864      0x314 ./Drivers/STM32F4xx_HAL_Driver/Src/stm32f4xx_hal_dma.o
                0x08002864                HAL_DMA_IRQHandler
 .text.DMA_SetConfig
                0x08002b78       0x5c ./Drivers/STM32F4xx_HAL_Driver/Src/stm32f4xx_hal_dma.o
 .text.DMA_CalcBaseAndBitshift
                0x08002bd4       0x6c ./Drivers/STM32F4xx_HAL_Driver/Src/stm32f4xx_hal_dma.o
 .text.DMA_CheckFifoParam
                0x08002c40       0xf8 ./Drivers/STM32F4xx_HAL_Driver/Src/stm32f4xx_hal_dma.o
 .text.HAL_GPIO_Init
                0x08002d38      0x328 ./Drivers/STM32F4xx_HAL_Driver/Src/stm32f4xx_hal_gpio.o
                0x08002d38                HAL_GPIO_Init
 .text.HAL_GPIO_WritePin
                0x08003060       0x32 ./Drivers/STM32F4xx_HAL_Driver/Src/stm32f4xx_hal_gpio.o
                0x08003060                HAL_GPIO_WritePin
 *fill*         0x08003092        0x2 
 .text.HAL_RCC_ClockConfig
                0x08003094      0x1cc ./Drivers/STM32F4xx_HAL_Driver/Src/stm32f4xx_hal_rcc.o
                0x08003094                HAL_RCC_ClockConfig
 .text.HAL_RCC_GetHCLKFreq
                0x08003260       0x18 ./Drivers/STM32F4xx_HAL_Driver/Src/stm32f4xx_hal_rcc.o
                0x08003260                HAL_RCC_GetHCLKFreq
 .text.HAL_RCC_GetPCLK1Freq
                0x08003278       0x28 ./Drivers/STM32F4xx_HAL_Driver/Src/stm32f4xx_hal_rcc.o
                0x08003278                HAL_RCC_GetPCLK1Freq
 .text.HAL_RCC_GetPCLK2Freq
                0x080032a0       0x28 ./Drivers/STM32F4xx_HAL_Driver/Src/stm32f4xx_hal_rcc.o
                0x080032a0                HAL_RCC_GetPCLK2Freq
 .text.HAL_RCC_GetSysClockFreq
                0x080032c8      0x460 ./Drivers/STM32F4xx_HAL_Driver/Src/stm32f4xx_hal_rcc_ex.o
                0x080032c8                HAL_RCC_GetSysClockFreq
 .text.HAL_RCC_OscConfig
                0x08003728      0x53c ./Drivers/STM32F4xx_HAL_Driver/Src/stm32f4xx_hal_rcc_ex.o
                0x08003728                HAL_RCC_OscConfig
 .text.HAL_SPI_Init
                0x08003c64      0x112 ./Drivers/STM32F4xx_HAL_Driver/Src/stm32f4xx_hal_spi.o
                0x08003c64                HAL_SPI_Init
 .text.HAL_SPI_Transmit
                0x08003d76      0x288 ./Drivers/STM32F4xx_HAL_Driver/Src/stm32f4xx_hal_spi.o
                0x08003d76                HAL_SPI_Transmit
 .text.HAL_SPI_TransmitReceive
                0x08003ffe      0x352 ./Drivers/STM32F4xx_HAL_Driver/Src/stm32f4xx_hal_spi.o
                0x08003ffe                HAL_SPI_TransmitReceive
 .text.HAL_SPI_Transmit_DMA
                0x08004350      0x164 ./Drivers/STM32F4xx_HAL_Driver/Src/stm32f4xx_hal_spi.o
                0x08004350                HAL_SPI_Transmit_DMA
 .text.HAL_SPI_TxHalfCpltCallback
                0x080044b4       0x14 ./Drivers/STM32F4xx_HAL_Driver/Src/stm32f4xx_hal_spi.o
                0x080044b4                HAL_SPI_TxHalfCpltCallback
 .text.HAL_SPI_ErrorCallback
                0x080044c8       0x14 ./Drivers/STM32F4xx_HAL_Driver/Src/stm32f4xx_hal_spi.o
                0x080044c8                HAL_SPI_ErrorCallback
 .text.SPI_DMATransmitCplt
                0x080044dc       0xa8 ./Drivers/STM32F4xx_HAL_Driver/Src/stm32f4xx_hal_spi.o
 .text.SPI_DMAHalfTransmitCplt
                0x08004584       0x1c ./Drivers/STM32F4xx_HAL_Driver/Src/stm32f4xx_hal_spi.o
 .text.SPI_DMAError
                0x080045a0       0x40 ./Drivers/STM32F4xx_HAL_Driver/Src/stm32f4xx_hal_spi.o
 .text.SPI_WaitFlagStateUntilTimeout
                0x080045e0      0x110 ./Drivers/STM32F4xx_HAL_Driver/Src/stm32f4xx_hal_spi.o
 .text.SPI_EndRxTxTransaction
                0x080046f0       0xa8 ./Drivers/STM32F4xx_HAL_Driver/Src/stm32f4xx_hal_spi.o
 .text.HAL_TIM_Base_Init
                0x08004798       0x9e ./Drivers/STM32F4xx_HAL_Driver/Src/stm32f4xx_hal_tim.o
                0x08004798                HAL_TIM_Base_Init
 *fill*         0x08004836        0x2 
 .text.HAL_TIM_Base_Start_IT
                0x08004838       0xe0 ./Drivers/STM32F4xx_HAL_Driver/Src/stm32f4xx_hal_tim.o
                0x08004838                HAL_TIM_Base_Start_IT
 .text.HAL_TIM_IRQHandler
                0x08004918      0x1e0 ./Drivers/STM32F4xx_HAL_Driver/Src/stm32f4xx_hal_tim.o
                0x08004918                HAL_TIM_IRQHandler
 .text.HAL_TIM_ConfigClockSource
                0x08004af8      0x18e ./Drivers/STM32F4xx_HAL_Driver/Src/stm32f4xx_hal_tim.o
                0x08004af8                HAL_TIM_ConfigClockSource
 .text.HAL_TIM_PeriodElapsedCallback
                0x08004c86       0x14 ./Drivers/STM32F4xx_HAL_Driver/Src/stm32f4xx_hal_tim.o
                0x08004c86                HAL_TIM_PeriodElapsedCallback
 .text.HAL_TIM_OC_DelayElapsedCallback
                0x08004c9a       0x14 ./Drivers/STM32F4xx_HAL_Driver/Src/stm32f4xx_hal_tim.o
                0x08004c9a                HAL_TIM_OC_DelayElapsedCallback
 .text.HAL_TIM_IC_CaptureCallback
                0x08004cae       0x14 ./Drivers/STM32F4xx_HAL_Driver/Src/stm32f4xx_hal_tim.o
                0x08004cae                HAL_TIM_IC_CaptureCallback
 .text.HAL_TIM_PWM_PulseFinishedCallback
                0x08004cc2       0x14 ./Drivers/STM32F4xx_HAL_Driver/Src/stm32f4xx_hal_tim.o
                0x08004cc2                HAL_TIM_PWM_PulseFinishedCallback
 .text.HAL_TIM_TriggerCallback
                0x08004cd6       0x14 ./Drivers/STM32F4xx_HAL_Driver/Src/stm32f4xx_hal_tim.o
                0x08004cd6                HAL_TIM_TriggerCallback
 *fill*         0x08004cea        0x2 
 .text.TIM_Base_SetConfig
                0x08004cec      0x14c ./Drivers/STM32F4xx_HAL_Driver/Src/stm32f4xx_hal_tim.o
                0x08004cec                TIM_Base_SetConfig
 .text.TIM_TI1_ConfigInputStage
                0x08004e38       0x5e ./Drivers/STM32F4xx_HAL_Driver/Src/stm32f4xx_hal_tim.o
 .text.TIM_TI2_ConfigInputStage
                0x08004e96       0x60 ./Drivers/STM32F4xx_HAL_Driver/Src/stm32f4xx_hal_tim.o
 .text.TIM_ITRx_SetConfig
                0x08004ef6       0x36 ./Drivers/STM32F4xx_HAL_Driver/Src/stm32f4xx_hal_tim.o
 .text.TIM_ETR_SetConfig
                0x08004f2c       0x40 ./Drivers/STM32F4xx_HAL_Driver/Src/stm32f4xx_hal_tim.o
                0x08004f2c                TIM_ETR_SetConfig
 .text.HAL_TIMEx_MasterConfigSynchronization
                0x08004f6c       0xf8 ./Drivers/STM32F4xx_HAL_Driver/Src/stm32f4xx_hal_tim_ex.o
                0x08004f6c                HAL_TIMEx_MasterConfigSynchronization
 .text.HAL_TIMEx_CommutCallback
                0x08005064       0x14 ./Drivers/STM32F4xx_HAL_Driver/Src/stm32f4xx_hal_tim_ex.o
                0x08005064                HAL_TIMEx_CommutCallback
 .text.HAL_TIMEx_BreakCallback
                0x08005078       0x14 ./Drivers/STM32F4xx_HAL_Driver/Src/stm32f4xx_hal_tim_ex.o
                0x08005078                HAL_TIMEx_BreakCallback
 .text.HAL_UART_Init
                0x0800508c       0xa0 ./Drivers/STM32F4xx_HAL_Driver/Src/stm32f4xx_hal_uart.o
                0x0800508c                HAL_UART_Init
 .text.HAL_UART_IRQHandler
                0x0800512c      0x554 ./Drivers/STM32F4xx_HAL_Driver/Src/stm32f4xx_hal_uart.o
                0x0800512c                HAL_UART_IRQHandler
 .text.HAL_UART_TxCpltCallback
                0x08005680       0x14 ./Drivers/STM32F4xx_HAL_Driver/Src/stm32f4xx_hal_uart.o
                0x08005680                HAL_UART_TxCpltCallback
 .text.HAL_UART_RxCpltCallback
                0x08005694       0x14 ./Drivers/STM32F4xx_HAL_Driver/Src/stm32f4xx_hal_uart.o
                0x08005694                HAL_UART_RxCpltCallback
 .text.HAL_UART_ErrorCallback
                0x080056a8       0x14 ./Drivers/STM32F4xx_HAL_Driver/Src/stm32f4xx_hal_uart.o
                0x080056a8                HAL_UART_ErrorCallback
 .text.HAL_UARTEx_RxEventCallback
                0x080056bc       0x18 ./Drivers/STM32F4xx_HAL_Driver/Src/stm32f4xx_hal_uart.o
                0x080056bc                HAL_UARTEx_RxEventCallback
 .text.UART_EndRxTransfer
                0x080056d4       0xc6 ./Drivers/STM32F4xx_HAL_Driver/Src/stm32f4xx_hal_uart.o
 .text.UART_DMAAbortOnError
                0x0800579a       0x22 ./Drivers/STM32F4xx_HAL_Driver/Src/stm32f4xx_hal_uart.o
 .text.UART_Transmit_IT
                0x080057bc       0xa0 ./Drivers/STM32F4xx_HAL_Driver/Src/stm32f4xx_hal_uart.o
 .text.UART_EndTransmit_IT
                0x0800585c       0x30 ./Drivers/STM32F4xx_HAL_Driver/Src/stm32f4xx_hal_uart.o
 .text.UART_Receive_IT
                0x0800588c      0x17c ./Drivers/STM32F4xx_HAL_Driver/Src/stm32f4xx_hal_uart.o
 .text.UART_SetConfig
                0x08005a08      0x4e8 ./Drivers/STM32F4xx_HAL_Driver/Src/stm32f4xx_hal_uart.o
 .text.MX_FATFS_Init
                0x08005ef0       0x24 ./FATFS/App/fatfs.o
                0x08005ef0                MX_FATFS_Init
 .text.USER_initialize
                0x08005f14       0x1c ./FATFS/Target/user_diskio.o
                0x08005f14                USER_initialize
 .text.USER_status
                0x08005f30       0x1c ./FATFS/Target/user_diskio.o
                0x08005f30                USER_status
 .text.USER_read
                0x08005f4c       0x26 ./FATFS/Target/user_diskio.o
                0x08005f4c                USER_read
 .text.USER_write
                0x08005f72       0x26 ./FATFS/Target/user_diskio.o
                0x08005f72                USER_write
 .text.USER_ioctl
                0x08005f98       0x26 ./FATFS/Target/user_diskio.o
                0x08005f98                USER_ioctl
 *fill*         0x08005fbe        0x2 
 .text.FATFS_LinkDriverEx
                0x08005fc0       0x98 ./Middlewares/Third_Party/FatFs/src/ff_gen_drv.o
                0x08005fc0                FATFS_LinkDriverEx
 .text.FATFS_LinkDriver
                0x08006058       0x1e ./Middlewares/Third_Party/FatFs/src/ff_gen_drv.o
                0x08006058                FATFS_LinkDriver
 .text.memset   0x08006076       0x10 C:/ST/STM32CubeIDE_2.1.0/STM32CubeIDE/plugins/com.st.stm32cube.ide.mcu.externaltools.gnu-tools-for-stm32.14.3.rel1.win32_1.0.100.202602081740/tools/bin/../lib/gcc/arm-none-eabi/14.3.1/../../../../arm-none-eabi/lib/thumb/v7e-m+fp/hard\libc_nano.a(libc_a-memset.o)
                0x08006076                memset
 *fill*         0x08006086        0x2 
 .text.__libc_init_array
                0x08006088       0x48 C:/ST/STM32CubeIDE_2.1.0/STM32CubeIDE/plugins/com.st.stm32cube.ide.mcu.externaltools.gnu-tools-for-stm32.14.3.rel1.win32_1.0.100.202602081740/tools/bin/../lib/gcc/arm-none-eabi/14.3.1/../../../../arm-none-eabi/lib/thumb/v7e-m+fp/hard\libc_nano.a(libc_a-init.o)
                0x08006088                __libc_init_array
 *(.glue_7)
 .glue_7        0x080060d0        0x0 linker stubs
 *(.glue_7t)
 .glue_7t       0x080060d0        0x0 linker stubs
 *(.eh_frame)
 .eh_frame      0x080060d0        0x0 C:/ST/STM32CubeIDE_2.1.0/STM32CubeIDE/plugins/com.st.stm32cube.ide.mcu.externaltools.gnu-tools-for-stm32.14.3.rel1.win32_1.0.100.202602081740/tools/bin/../lib/gcc/arm-none-eabi/14.3.1/thumb/v7e-m+fp/hard/crtbegin.o
 *(.init)
 .init          0x080060d0        0x4 C:/ST/STM32CubeIDE_2.1.0/STM32CubeIDE/plugins/com.st.stm32cube.ide.mcu.externaltools.gnu-tools-for-stm32.14.3.rel1.win32_1.0.100.202602081740/tools/bin/../lib/gcc/arm-none-eabi/14.3.1/thumb/v7e-m+fp/hard/crti.o
                0x080060d0                _init
 .init          0x080060d4        0x8 C:/ST/STM32CubeIDE_2.1.0/STM32CubeIDE/plugins/com.st.stm32cube.ide.mcu.externaltools.gnu-tools-for-stm32.14.3.rel1.win32_1.0.100.202602081740/tools/bin/../lib/gcc/arm-none-eabi/14.3.1/thumb/v7e-m+fp/hard/crtn.o
 *(.fini)
 .fini          0x080060dc        0x4 C:/ST/STM32CubeIDE_2.1.0/STM32CubeIDE/plugins/com.st.stm32cube.ide.mcu.externaltools.gnu-tools-for-stm32.14.3.rel1.win32_1.0.100.202602081740/tools/bin/../lib/gcc/arm-none-eabi/14.3.1/thumb/v7e-m+fp/hard/crti.o
                0x080060dc                _fini
 .fini          0x080060e0        0x8 C:/ST/STM32CubeIDE_2.1.0/STM32CubeIDE/plugins/com.st.stm32cube.ide.mcu.externaltools.gnu-tools-for-stm32.14.3.rel1.win32_1.0.100.202602081740/tools/bin/../lib/gcc/arm-none-eabi/14.3.1/thumb/v7e-m+fp/hard/crtn.o
                0x080060e8                        . = ALIGN (0x4)
                0x080060e8                        _etext = .

.vfp11_veneer   0x080060e8        0x0
 .vfp11_veneer  0x080060e8        0x0 linker stubs

.v4_bx          0x080060e8        0x0
 .v4_bx         0x080060e8        0x0 linker stubs

.iplt           0x080060e8        0x0
 .iplt          0x080060e8        0x0 C:/ST/STM32CubeIDE_2.1.0/STM32CubeIDE/plugins/com.st.stm32cube.ide.mcu.externaltools.gnu-tools-for-stm32.14.3.rel1.win32_1.0.100.202602081740/tools/bin/../lib/gcc/arm-none-eabi/14.3.1/thumb/v7e-m+fp/hard/crtbegin.o

.rodata         0x080060e8    0x27318
                0x080060e8                        . = ALIGN (0x4)
 *(.rodata)
 .rodata        0x080060e8        0x2 ./Core/Src/main.o
 *(.rodata*)
 *fill*         0x080060ea        0x2 
 .rodata.smallFont
                0x080060ec      0x474 ./Core/Src/font.o
                0x080060ec                smallFont
 .rodata.bigFont
                0x08006560      0xbe0 ./Core/Src/font.o
                0x08006560                bigFont
 .rodata.parking
                0x08007140    0x25800 ./Core/Src/main.o
                0x08007140                parking
 .rodata.semaforo
                0x0802c940      0xaa0 ./Core/Src/main.o
                0x0802c940                semaforo
 .rodata.AHBPrescTable
                0x0802d3e0       0x10 ./Core/Src/system_stm32f4xx.o
                0x0802d3e0                AHBPrescTable
 .rodata.APBPrescTable
                0x0802d3f0        0x8 ./Core/Src/system_stm32f4xx.o
                0x0802d3f0                APBPrescTable
 .rodata.flagBitshiftOffset.0
                0x0802d3f8        0x8 ./Drivers/STM32F4xx_HAL_Driver/Src/stm32f4xx_hal_dma.o
                0x0802d400                        . = ALIGN (0x4)

.ARM.extab      0x0802d400        0x0
                0x0802d400                        . = ALIGN (0x4)
 *(.ARM.extab* .gnu.linkonce.armextab.*)
                0x0802d400                        . = ALIGN (0x4)

.ARM            0x0802d400        0x8
                0x0802d400                        . = ALIGN (0x4)
                0x0802d400                        __exidx_start = .
 *(.ARM.exidx*)
 .ARM.exidx     0x0802d400        0x8 C:/ST/STM32CubeIDE_2.1.0/STM32CubeIDE/plugins/com.st.stm32cube.ide.mcu.externaltools.gnu-tools-for-stm32.14.3.rel1.win32_1.0.100.202602081740/tools/bin/../lib/gcc/arm-none-eabi/14.3.1/../../../../arm-none-eabi/lib/thumb/v7e-m+fp/hard\libc_nano.a(libc_a-strlen.o)
 .ARM.exidx     0x0802d408        0x0 C:/ST/STM32CubeIDE_2.1.0/STM32CubeIDE/plugins/com.st.stm32cube.ide.mcu.externaltools.gnu-tools-for-stm32.14.3.rel1.win32_1.0.100.202602081740/tools/bin/../lib/gcc/arm-none-eabi/14.3.1/thumb/v7e-m+fp/hard\libgcc.a(_udivmoddi4.o)
                                  0x8 (size before relaxing)
                0x0802d408                        __exidx_end = .
                0x0802d408                        . = ALIGN (0x4)

.preinit_array  0x0802d408        0x0
                0x0802d408                        . = ALIGN (0x4)
                0x0802d408                        PROVIDE (__preinit_array_start = .)
 *(.preinit_array*)
                0x0802d408                        PROVIDE (__preinit_array_end = .)
                0x0802d408                        . = ALIGN (0x4)

.init_array     0x0802d408        0x4
                0x0802d408                        . = ALIGN (0x4)
                0x0802d408                        PROVIDE (__init_array_start = .)
 *(SORT_BY_NAME(.init_array.*))
 *(.init_array*)
 .init_array    0x0802d408        0x4 C:/ST/STM32CubeIDE_2.1.0/STM32CubeIDE/plugins/com.st.stm32cube.ide.mcu.externaltools.gnu-tools-for-stm32.14.3.rel1.win32_1.0.100.202602081740/tools/bin/../lib/gcc/arm-none-eabi/14.3.1/thumb/v7e-m+fp/hard/crtbegin.o
                0x0802d40c                        PROVIDE (__init_array_end = .)
                0x0802d40c                        . = ALIGN (0x4)

.fini_array     0x0802d40c        0x4
                0x0802d40c                        . = ALIGN (0x4)
                [!provide]                        PROVIDE (__fini_array_start = .)
 *(SORT_BY_NAME(.fini_array.*))
 *(.fini_array*)
 .fini_array    0x0802d40c        0x4 C:/ST/STM32CubeIDE_2.1.0/STM32CubeIDE/plugins/com.st.stm32cube.ide.mcu.externaltools.gnu-tools-for-stm32.14.3.rel1.win32_1.0.100.202602081740/tools/bin/../lib/gcc/arm-none-eabi/14.3.1/thumb/v7e-m+fp/hard/crtbegin.o
                [!provide]                        PROVIDE (__fini_array_end = .)
                0x0802d410                        . = ALIGN (0x4)
                0x0802d410                        _sidata = LOADADDR (.data)

.rel.dyn        0x0802d410        0x0
 .rel.iplt      0x0802d410        0x0 C:/ST/STM32CubeIDE_2.1.0/STM32CubeIDE/plugins/com.st.stm32cube.ide.mcu.externaltools.gnu-tools-for-stm32.14.3.rel1.win32_1.0.100.202602081740/tools/bin/../lib/gcc/arm-none-eabi/14.3.1/thumb/v7e-m+fp/hard/crtbegin.o

.data           0x20000000       0x24 load address 0x0802d410
                0x20000000                        . = ALIGN (0x4)
                0x20000000                        _sdata = .
 *(.data)
 *(.data*)
 .data.Stat     0x20000000        0x1 ./Core/Src/fatfs_sd.o
 *fill*         0x20000001        0x3 
 .data.SystemCoreClock
                0x20000004        0x4 ./Core/Src/system_stm32f4xx.o
                0x20000004                SystemCoreClock
 .data.uwTickPrio
                0x20000008        0x4 ./Drivers/STM32F4xx_HAL_Driver/Src/stm32f4xx_hal.o
                0x20000008                uwTickPrio
 .data.uwTickFreq
                0x2000000c        0x1 ./Drivers/STM32F4xx_HAL_Driver/Src/stm32f4xx_hal.o
                0x2000000c                uwTickFreq
 *fill*         0x2000000d        0x3 
 .data.USER_Driver
                0x20000010       0x14 ./FATFS/Target/user_diskio.o
                0x20000010                USER_Driver
 *(.RamFunc)
 *(.RamFunc*)
                0x20000024                        . = ALIGN (0x4)
                0x20000024                        _edata = .

.igot.plt       0x20000024        0x0 load address 0x0802d434
 .igot.plt      0x20000024        0x0 C:/ST/STM32CubeIDE_2.1.0/STM32CubeIDE/plugins/com.st.stm32cube.ide.mcu.externaltools.gnu-tools-for-stm32.14.3.rel1.win32_1.0.100.202602081740/tools/bin/../lib/gcc/arm-none-eabi/14.3.1/thumb/v7e-m+fp/hard/crtbegin.o
                0x20000024                        . = ALIGN (0x4)

.bss            0x20000024      0xcfc load address 0x0802d434
                0x20000024                        _sbss = .
                0x20000024                        __bss_start__ = _sbss
 *(.bss)
 .bss           0x20000024       0x1c C:/ST/STM32CubeIDE_2.1.0/STM32CubeIDE/plugins/com.st.stm32cube.ide.mcu.externaltools.gnu-tools-for-stm32.14.3.rel1.win32_1.0.100.202602081740/tools/bin/../lib/gcc/arm-none-eabi/14.3.1/thumb/v7e-m+fp/hard/crtbegin.o
 *(.bss*)
 .bss.Timer1    0x20000040        0x2 ./Core/Src/fatfs_sd.o
                0x20000040                Timer1
 .bss.Timer2    0x20000042        0x2 ./Core/Src/fatfs_sd.o
                0x20000042                Timer2
 .bss.CardType  0x20000044        0x1 ./Core/Src/fatfs_sd.o
 .bss.PowerFlag
                0x20000045        0x1 ./Core/Src/fatfs_sd.o
 .bss.dma_libre
                0x20000046        0x1 ./Core/Src/main.o
                0x20000046                dma_libre
 *fill*         0x20000047        0x1 
 .bss.park      0x20000048      0xaa0 ./Core/Src/main.o
                0x20000048                park
 .bss.hspi1     0x20000ae8       0x58 ./Core/Src/main.o
                0x20000ae8                hspi1
 .bss.hdma_spi1_tx
                0x20000b40       0x60 ./Core/Src/main.o
                0x20000b40                hdma_spi1_tx
 .bss.htim2     0x20000ba0       0x48 ./Core/Src/main.o
                0x20000ba0                htim2
 .bss.huart5    0x20000be8       0x48 ./Core/Src/main.o
                0x20000be8                huart5
 .bss.huart1    0x20000c30       0x48 ./Core/Src/main.o
                0x20000c30                huart1
 .bss.huart2    0x20000c78       0x48 ./Core/Src/main.o
                0x20000c78                huart2
 .bss.huart3    0x20000cc0       0x48 ./Core/Src/main.o
                0x20000cc0                huart3
 .bss.uwTick    0x20000d08        0x4 ./Drivers/STM32F4xx_HAL_Driver/Src/stm32f4xx_hal.o
                0x20000d08                uwTick
 .bss.retUSER   0x20000d0c        0x1 ./FATFS/App/fatfs.o
                0x20000d0c                retUSER
 *fill*         0x20000d0d        0x3 
 .bss.USERPath  0x20000d10        0x4 ./FATFS/App/fatfs.o
                0x20000d10                USERPath
 .bss.disk      0x20000d14        0xc ./Middlewares/Third_Party/FatFs/src/ff_gen_drv.o
                0x20000d14                disk
 *(COMMON)
                0x20000d20                        . = ALIGN (0x4)
                0x20000d20                        _ebss = .
                0x20000d20                        __bss_end__ = _ebss

._user_heap_stack
                0x20000d20      0x600 load address 0x0802d434
                0x20000d20                        . = ALIGN (0x8)
                [!provide]                        PROVIDE (end = .)
                0x20000d20                        PROVIDE (_end = .)
                0x20000f20                        . = (. + _Min_Heap_Size)
 *fill*         0x20000d20      0x200 
                0x20001320                        . = (. + _Min_Stack_Size)
 *fill*         0x20000f20      0x400 
                0x20001320                        . = ALIGN (0x8)

/DISCARD/
 libc.a(*)
 libm.a(*)
 libgcc.a(*)

.ARM.attributes
                0x00000000       0x30
 *(.ARM.attributes)
 .ARM.attributes
                0x00000000       0x22 C:/ST/STM32CubeIDE_2.1.0/STM32CubeIDE/plugins/com.st.stm32cube.ide.mcu.externaltools.gnu-tools-for-stm32.14.3.rel1.win32_1.0.100.202602081740/tools/bin/../lib/gcc/arm-none-eabi/14.3.1/thumb/v7e-m+fp/hard/crti.o
 .ARM.attributes
                0x00000022       0x34 C:/ST/STM32CubeIDE_2.1.0/STM32CubeIDE/plugins/com.st.stm32cube.ide.mcu.externaltools.gnu-tools-for-stm32.14.3.rel1.win32_1.0.100.202602081740/tools/bin/../lib/gcc/arm-none-eabi/14.3.1/thumb/v7e-m+fp/hard/crtbegin.o
 .ARM.attributes
                0x00000056       0x34 ./Core/Src/fatfs_sd.o
 .ARM.attributes
                0x0000008a       0x34 ./Core/Src/font.o
 .ARM.attributes
                0x000000be       0x34 ./Core/Src/ili9341.o
 .ARM.attributes
                0x000000f2       0x34 ./Core/Src/main.o
 .ARM.attributes
                0x00000126       0x34 ./Core/Src/stm32f4xx_hal_msp.o
 .ARM.attributes
                0x0000015a       0x34 ./Core/Src/stm32f4xx_it.o
 .ARM.attributes
                0x0000018e       0x34 ./Core/Src/system_stm32f4xx.o
 .ARM.attributes
                0x000001c2       0x21 ./Core/Startup/startup_stm32f446retx.o
 .ARM.attributes
                0x000001e3       0x34 ./Drivers/STM32F4xx_HAL_Driver/Src/stm32f4xx_hal.o
 .ARM.attributes
                0x00000217       0x34 ./Drivers/STM32F4xx_HAL_Driver/Src/stm32f4xx_hal_cortex.o
 .ARM.attributes
                0x0000024b       0x34 ./Drivers/STM32F4xx_HAL_Driver/Src/stm32f4xx_hal_dma.o
 .ARM.attributes
                0x0000027f       0x34 ./Drivers/STM32F4xx_HAL_Driver/Src/stm32f4xx_hal_gpio.o
 .ARM.attributes
                0x000002b3       0x34 ./Drivers/STM32F4xx_HAL_Driver/Src/stm32f4xx_hal_rcc.o
 .ARM.attributes
                0x000002e7       0x34 ./Drivers/STM32F4xx_HAL_Driver/Src/stm32f4xx_hal_rcc_ex.o
 .ARM.attributes
                0x0000031b       0x34 ./Drivers/STM32F4xx_HAL_Driver/Src/stm32f4xx_hal_spi.o
 .ARM.attributes
                0x0000034f       0x34 ./Drivers/STM32F4xx_HAL_Driver/Src/stm32f4xx_hal_tim.o
 .ARM.attributes
                0x00000383       0x34 ./Drivers/STM32F4xx_HAL_Driver/Src/stm32f4xx_hal_tim_ex.o
 .ARM.attributes
                0x000003b7       0x34 ./Drivers/STM32F4xx_HAL_Driver/Src/stm32f4xx_hal_uart.o
 .ARM.attributes
                0x000003eb       0x34 ./FATFS/App/fatfs.o
 .ARM.attributes
                0x0000041f       0x34 ./FATFS/Target/user_diskio.o
 .ARM.attributes
                0x00000453       0x34 ./Middlewares/Third_Party/FatFs/src/ff_gen_drv.o
 .ARM.attributes
                0x00000487       0x34 C:/ST/STM32CubeIDE_2.1.0/STM32CubeIDE/plugins/com.st.stm32cube.ide.mcu.externaltools.gnu-tools-for-stm32.14.3.rel1.win32_1.0.100.202602081740/tools/bin/../lib/gcc/arm-none-eabi/14.3.1/../../../../arm-none-eabi/lib/thumb/v7e-m+fp/hard\libc_nano.a(libc_a-memset.o)
 .ARM.attributes
                0x000004bb       0x34 C:/ST/STM32CubeIDE_2.1.0/STM32CubeIDE/plugins/com.st.stm32cube.ide.mcu.externaltools.gnu-tools-for-stm32.14.3.rel1.win32_1.0.100.202602081740/tools/bin/../lib/gcc/arm-none-eabi/14.3.1/../../../../arm-none-eabi/lib/thumb/v7e-m+fp/hard\libc_nano.a(libc_a-init.o)
 .ARM.attributes
                0x000004ef       0x17 C:/ST/STM32CubeIDE_2.1.0/STM32CubeIDE/plugins/com.st.stm32cube.ide.mcu.externaltools.gnu-tools-for-stm32.14.3.rel1.win32_1.0.100.202602081740/tools/bin/../lib/gcc/arm-none-eabi/14.3.1/../../../../arm-none-eabi/lib/thumb/v7e-m+fp/hard\libc_nano.a(libc_a-strlen.o)
 .ARM.attributes
                0x00000506       0x22 C:/ST/STM32CubeIDE_2.1.0/STM32CubeIDE/plugins/com.st.stm32cube.ide.mcu.externaltools.gnu-tools-for-stm32.14.3.rel1.win32_1.0.100.202602081740/tools/bin/../lib/gcc/arm-none-eabi/14.3.1/thumb/v7e-m+fp/hard\libgcc.a(_aeabi_uldivmod.o)
 .ARM.attributes
                0x00000528       0x34 C:/ST/STM32CubeIDE_2.1.0/STM32CubeIDE/plugins/com.st.stm32cube.ide.mcu.externaltools.gnu-tools-for-stm32.14.3.rel1.win32_1.0.100.202602081740/tools/bin/../lib/gcc/arm-none-eabi/14.3.1/thumb/v7e-m+fp/hard\libgcc.a(_udivmoddi4.o)
 .ARM.attributes
                0x0000055c       0x22 C:/ST/STM32CubeIDE_2.1.0/STM32CubeIDE/plugins/com.st.stm32cube.ide.mcu.externaltools.gnu-tools-for-stm32.14.3.rel1.win32_1.0.100.202602081740/tools/bin/../lib/gcc/arm-none-eabi/14.3.1/thumb/v7e-m+fp/hard\libgcc.a(_dvmd_tls.o)
 .ARM.attributes
                0x0000057e       0x22 C:/ST/STM32CubeIDE_2.1.0/STM32CubeIDE/plugins/com.st.stm32cube.ide.mcu.externaltools.gnu-tools-for-stm32.14.3.rel1.win32_1.0.100.202602081740/tools/bin/../lib/gcc/arm-none-eabi/14.3.1/thumb/v7e-m+fp/hard/crtn.o
OUTPUT(ILI9341SPI.elf elf32-littlearm)
LOAD linker stubs
LOAD C:/ST/STM32CubeIDE_2.1.0/STM32CubeIDE/plugins/com.st.stm32cube.ide.mcu.externaltools.gnu-tools-for-stm32.14.3.rel1.win32_1.0.100.202602081740/tools/bin/../lib/gcc/arm-none-eabi/14.3.1/../../../../arm-none-eabi/lib/thumb/v7e-m+fp/hard\libc.a
LOAD C:/ST/STM32CubeIDE_2.1.0/STM32CubeIDE/plugins/com.st.stm32cube.ide.mcu.externaltools.gnu-tools-for-stm32.14.3.rel1.win32_1.0.100.202602081740/tools/bin/../lib/gcc/arm-none-eabi/14.3.1/../../../../arm-none-eabi/lib/thumb/v7e-m+fp/hard\libm.a
LOAD C:/ST/STM32CubeIDE_2.1.0/STM32CubeIDE/plugins/com.st.stm32cube.ide.mcu.externaltools.gnu-tools-for-stm32.14.3.rel1.win32_1.0.100.202602081740/tools/bin/../lib/gcc/arm-none-eabi/14.3.1/thumb/v7e-m+fp/hard\libgcc.a

.debug_info     0x00000000    0x1293e
 .debug_info    0x00000000      0xc72 ./Core/Src/fatfs_sd.o
 .debug_info    0x00000c72       0xf1 ./Core/Src/font.o
 .debug_info    0x00000d63     0x173f ./Core/Src/ili9341.o
 .debug_info    0x000024a2     0x1884 ./Core/Src/main.o
 .debug_info    0x00003d26     0x13df ./Core/Src/stm32f4xx_hal_msp.o
 .debug_info    0x00005105      0xa12 ./Core/Src/stm32f4xx_it.o
 .debug_info    0x00005b17      0x54a ./Core/Src/system_stm32f4xx.o
 .debug_info    0x00006061       0x30 ./Core/Startup/startup_stm32f446retx.o
 .debug_info    0x00006091      0x99a ./Drivers/STM32F4xx_HAL_Driver/Src/stm32f4xx_hal.o
 .debug_info    0x00006a2b      0xdaa ./Drivers/STM32F4xx_HAL_Driver/Src/stm32f4xx_hal_cortex.o
 .debug_info    0x000077d5      0x8e7 ./Drivers/STM32F4xx_HAL_Driver/Src/stm32f4xx_hal_dma.o
 .debug_info    0x000080bc      0x70b ./Drivers/STM32F4xx_HAL_Driver/Src/stm32f4xx_hal_gpio.o
 .debug_info    0x000087c7      0x8ff ./Drivers/STM32F4xx_HAL_Driver/Src/stm32f4xx_hal_rcc.o
 .debug_info    0x000090c6      0x960 ./Drivers/STM32F4xx_HAL_Driver/Src/stm32f4xx_hal_rcc_ex.o
 .debug_info    0x00009a26     0x1525 ./Drivers/STM32F4xx_HAL_Driver/Src/stm32f4xx_hal_spi.o
 .debug_info    0x0000af4b     0x299d ./Drivers/STM32F4xx_HAL_Driver/Src/stm32f4xx_hal_tim.o
 .debug_info    0x0000d8e8     0x14db ./Drivers/STM32F4xx_HAL_Driver/Src/stm32f4xx_hal_tim_ex.o
 .debug_info    0x0000edc3     0x2f4f ./Drivers/STM32F4xx_HAL_Driver/Src/stm32f4xx_hal_uart.o
 .debug_info    0x00011d12      0x508 ./FATFS/App/fatfs.o
 .debug_info    0x0001221a      0x3a5 ./FATFS/Target/user_diskio.o
 .debug_info    0x000125bf      0x37f ./Middlewares/Third_Party/FatFs/src/ff_gen_drv.o

.debug_abbrev   0x00000000     0x2b85
 .debug_abbrev  0x00000000      0x2f7 ./Core/Src/fatfs_sd.o
 .debug_abbrev  0x000002f7       0x64 ./Core/Src/font.o
 .debug_abbrev  0x0000035b      0x2d3 ./Core/Src/ili9341.o
 .debug_abbrev  0x0000062e      0x2fe ./Core/Src/main.o
 .debug_abbrev  0x0000092c      0x25d ./Core/Src/stm32f4xx_hal_msp.o
 .debug_abbrev  0x00000b89      0x1c9 ./Core/Src/stm32f4xx_it.o
 .debug_abbrev  0x00000d52      0x11a ./Core/Src/system_stm32f4xx.o
 .debug_abbrev  0x00000e6c       0x24 ./Core/Startup/startup_stm32f446retx.o
 .debug_abbrev  0x00000e90      0x214 ./Drivers/STM32F4xx_HAL_Driver/Src/stm32f4xx_hal.o
 .debug_abbrev  0x000010a4      0x31d ./Drivers/STM32F4xx_HAL_Driver/Src/stm32f4xx_hal_cortex.o
 .debug_abbrev  0x000013c1      0x264 ./Drivers/STM32F4xx_HAL_Driver/Src/stm32f4xx_hal_dma.o
 .debug_abbrev  0x00001625      0x1d4 ./Drivers/STM32F4xx_HAL_Driver/Src/stm32f4xx_hal_gpio.o
 .debug_abbrev  0x000017f9      0x2b7 ./Drivers/STM32F4xx_HAL_Driver/Src/stm32f4xx_hal_rcc.o
 .debug_abbrev  0x00001ab0      0x211 ./Drivers/STM32F4xx_HAL_Driver/Src/stm32f4xx_hal_rcc_ex.o
 .debug_abbrev  0x00001cc1      0x27a ./Drivers/STM32F4xx_HAL_Driver/Src/stm32f4xx_hal_spi.o
 .debug_abbrev  0x00001f3b      0x278 ./Drivers/STM32F4xx_HAL_Driver/Src/stm32f4xx_hal_tim.o
 .debug_abbrev  0x000021b3      0x283 ./Drivers/STM32F4xx_HAL_Driver/Src/stm32f4xx_hal_tim_ex.o
 .debug_abbrev  0x00002436      0x30e ./Drivers/STM32F4xx_HAL_Driver/Src/stm32f4xx_hal_uart.o
 .debug_abbrev  0x00002744      0x15e ./FATFS/App/fatfs.o
 .debug_abbrev  0x000028a2      0x144 ./FATFS/Target/user_diskio.o
 .debug_abbrev  0x000029e6      0x19f ./Middlewares/Third_Party/FatFs/src/ff_gen_drv.o

.debug_aranges  0x00000000     0x10c8
 .debug_aranges
                0x00000000       0xa8 ./Core/Src/fatfs_sd.o
 .debug_aranges
                0x000000a8       0x18 ./Core/Src/font.o
 .debug_aranges
                0x000000c0       0xa8 ./Core/Src/ili9341.o
 .debug_aranges
                0x00000168       0x78 ./Core/Src/main.o
 .debug_aranges
                0x000001e0       0x50 ./Core/Src/stm32f4xx_hal_msp.o
 .debug_aranges
                0x00000230       0x88 ./Core/Src/stm32f4xx_it.o
 .debug_aranges
                0x000002b8       0x28 ./Core/Src/system_stm32f4xx.o
 .debug_aranges
                0x000002e0       0x28 ./Core/Startup/startup_stm32f446retx.o
 .debug_aranges
                0x00000308       0xf0 ./Drivers/STM32F4xx_HAL_Driver/Src/stm32f4xx_hal.o
 .debug_aranges
                0x000003f8      0x130 ./Drivers/STM32F4xx_HAL_Driver/Src/stm32f4xx_hal_cortex.o
 .debug_aranges
                0x00000528       0x90 ./Drivers/STM32F4xx_HAL_Driver/Src/stm32f4xx_hal_dma.o
 .debug_aranges
                0x000005b8       0x58 ./Drivers/STM32F4xx_HAL_Driver/Src/stm32f4xx_hal_gpio.o
 .debug_aranges
                0x00000610       0x88 ./Drivers/STM32F4xx_HAL_Driver/Src/stm32f4xx_hal_rcc.o
 .debug_aranges
                0x00000698       0x78 ./Drivers/STM32F4xx_HAL_Driver/Src/stm32f4xx_hal_rcc_ex.o
 .debug_aranges
                0x00000710      0x1d0 ./Drivers/STM32F4xx_HAL_Driver/Src/stm32f4xx_hal_spi.o
 .debug_aranges
                0x000008e0      0x3d0 ./Drivers/STM32F4xx_HAL_Driver/Src/stm32f4xx_hal_tim.o
 .debug_aranges
                0x00000cb0      0x168 ./Drivers/STM32F4xx_HAL_Driver/Src/stm32f4xx_hal_tim_ex.o
 .debug_aranges
                0x00000e18      0x208 ./Drivers/STM32F4xx_HAL_Driver/Src/stm32f4xx_hal_uart.o
 .debug_aranges
                0x00001020       0x28 ./FATFS/App/fatfs.o
 .debug_aranges
                0x00001048       0x40 ./FATFS/Target/user_diskio.o
 .debug_aranges
                0x00001088       0x40 ./Middlewares/Third_Party/FatFs/src/ff_gen_drv.o

.debug_rnglists
                0x00000000      0xd08
 .debug_rnglists
                0x00000000       0x80 ./Core/Src/fatfs_sd.o
 .debug_rnglists
                0x00000080       0x85 ./Core/Src/ili9341.o
 .debug_rnglists
                0x00000105       0x59 ./Core/Src/main.o
 .debug_rnglists
                0x0000015e       0x3a ./Core/Src/stm32f4xx_hal_msp.o
 .debug_rnglists
                0x00000198       0x61 ./Core/Src/stm32f4xx_it.o
 .debug_rnglists
                0x000001f9       0x1a ./Core/Src/system_stm32f4xx.o
 .debug_rnglists
                0x00000213       0x19 ./Core/Startup/startup_stm32f446retx.o
 .debug_rnglists
                0x0000022c       0xaf ./Drivers/STM32F4xx_HAL_Driver/Src/stm32f4xx_hal.o
 .debug_rnglists
                0x000002db       0xe0 ./Drivers/STM32F4xx_HAL_Driver/Src/stm32f4xx_hal_cortex.o
 .debug_rnglists
                0x000003bb       0x70 ./Drivers/STM32F4xx_HAL_Driver/Src/stm32f4xx_hal_dma.o
 .debug_rnglists
                0x0000042b       0x3f ./Drivers/STM32F4xx_HAL_Driver/Src/stm32f4xx_hal_gpio.o
 .debug_rnglists
                0x0000046a       0x66 ./Drivers/STM32F4xx_HAL_Driver/Src/stm32f4xx_hal_rcc.o
 .debug_rnglists
                0x000004d0       0x5e ./Drivers/STM32F4xx_HAL_Driver/Src/stm32f4xx_hal_rcc_ex.o
 .debug_rnglists
                0x0000052e      0x16f ./Drivers/STM32F4xx_HAL_Driver/Src/stm32f4xx_hal_spi.o
 .debug_rnglists
                0x0000069d      0x31a ./Drivers/STM32F4xx_HAL_Driver/Src/stm32f4xx_hal_tim.o
 .debug_rnglists
                0x000009b7      0x125 ./Drivers/STM32F4xx_HAL_Driver/Src/stm32f4xx_hal_tim_ex.o
 .debug_rnglists
                0x00000adc      0x1bc ./Drivers/STM32F4xx_HAL_Driver/Src/stm32f4xx_hal_uart.o
 .debug_rnglists
                0x00000c98       0x19 ./FATFS/App/fatfs.o
 .debug_rnglists
                0x00000cb1       0x2b ./FATFS/Target/user_diskio.o
 .debug_rnglists
                0x00000cdc       0x2c ./Middlewares/Third_Party/FatFs/src/ff_gen_drv.o

.debug_macro    0x00000000    0x23fa5
 .debug_macro   0x00000000      0x30a ./Core/Src/fatfs_sd.o
 .debug_macro   0x0000030a      0xad8 ./Core/Src/fatfs_sd.o
 .debug_macro   0x00000de2      0x2a1 ./Core/Src/fatfs_sd.o
 .debug_macro   0x00001083       0x2e ./Core/Src/fatfs_sd.o
 .debug_macro   0x000010b1       0x28 ./Core/Src/fatfs_sd.o
 .debug_macro   0x000010d9       0x22 ./Core/Src/fatfs_sd.o
 .debug_macro   0x000010fb       0x8e ./Core/Src/fatfs_sd.o
 .debug_macro   0x00001189       0x51 ./Core/Src/fatfs_sd.o
 .debug_macro   0x000011da      0x103 ./Core/Src/fatfs_sd.o
 .debug_macro   0x000012dd       0x6a ./Core/Src/fatfs_sd.o
 .debug_macro   0x00001347      0x1df ./Core/Src/fatfs_sd.o
 .debug_macro   0x00001526       0x1c ./Core/Src/fatfs_sd.o
 .debug_macro   0x00001542       0x22 ./Core/Src/fatfs_sd.o
 .debug_macro   0x00001564       0xfb ./Core/Src/fatfs_sd.o
 .debug_macro   0x0000165f     0x1011 ./Core/Src/fatfs_sd.o
 .debug_macro   0x00002670      0x11f ./Core/Src/fatfs_sd.o
 .debug_macro   0x0000278f    0x1675e ./Core/Src/fatfs_sd.o
 .debug_macro   0x00018eed       0x6d ./Core/Src/fatfs_sd.o
 .debug_macro   0x00018f5a     0x3693 ./Core/Src/fatfs_sd.o
 .debug_macro   0x0001c5ed      0x190 ./Core/Src/fatfs_sd.o
 .debug_macro   0x0001c77d       0x5c ./Core/Src/fatfs_sd.o
 .debug_macro   0x0001c7d9      0xca5 ./Core/Src/fatfs_sd.o
 .debug_macro   0x0001d47e      0x9e9 ./Core/Src/fatfs_sd.o
 .debug_macro   0x0001de67      0x115 ./Core/Src/fatfs_sd.o
 .debug_macro   0x0001df7c      0x1a0 ./Core/Src/fatfs_sd.o
 .debug_macro   0x0001e11c       0xa5 ./Core/Src/fatfs_sd.o
 .debug_macro   0x0001e1c1      0x16d ./Core/Src/fatfs_sd.o
 .debug_macro   0x0001e32e      0x287 ./Core/Src/fatfs_sd.o
 .debug_macro   0x0001e5b5       0x5f ./Core/Src/fatfs_sd.o
 .debug_macro   0x0001e614      0x236 ./Core/Src/fatfs_sd.o
 .debug_macro   0x0001e84a      0x132 ./Core/Src/fatfs_sd.o
 .debug_macro   0x0001e97c      0x29c ./Core/Src/fatfs_sd.o
 .debug_macro   0x0001ec18       0x2e ./Core/Src/fatfs_sd.o
 .debug_macro   0x0001ec46      0x127 ./Core/Src/fatfs_sd.o
 .debug_macro   0x0001ed6d       0xe8 ./Core/Src/fatfs_sd.o
 .debug_macro   0x0001ee55       0x89 ./Core/Src/fatfs_sd.o
 .debug_macro   0x0001eede      0x225 ./Core/Src/fatfs_sd.o
 .debug_macro   0x0001f103      0x8ed ./Core/Src/fatfs_sd.o
 .debug_macro   0x0001f9f0       0x53 ./Core/Src/fatfs_sd.o
 .debug_macro   0x0001fa43      0x2aa ./Core/Src/fatfs_sd.o
 .debug_macro   0x0001fced      0x126 ./Core/Src/fatfs_sd.o
 .debug_macro   0x0001fe13       0x16 ./Core/Src/fatfs_sd.o
 .debug_macro   0x0001fe29       0x7c ./Core/Src/fatfs_sd.o
 .debug_macro   0x0001fea5       0x82 ./Core/Src/fatfs_sd.o
 .debug_macro   0x0001ff27       0xe5 ./Core/Src/fatfs_sd.o
 .debug_macro   0x0002000c       0x2a ./Core/Src/fatfs_sd.o
 .debug_macro   0x00020036       0x61 ./Core/Src/fatfs_sd.o
 .debug_macro   0x00020097       0x43 ./Core/Src/fatfs_sd.o
 .debug_macro   0x000200da       0x34 ./Core/Src/fatfs_sd.o
 .debug_macro   0x0002010e       0x16 ./Core/Src/fatfs_sd.o
 .debug_macro   0x00020124       0x3c ./Core/Src/fatfs_sd.o
 .debug_macro   0x00020160      0x364 ./Core/Src/fatfs_sd.o
 .debug_macro   0x000204c4       0x16 ./Core/Src/fatfs_sd.o
 .debug_macro   0x000204da       0x4a ./Core/Src/fatfs_sd.o
 .debug_macro   0x00020524       0x34 ./Core/Src/fatfs_sd.o
 .debug_macro   0x00020558       0x10 ./Core/Src/fatfs_sd.o
 .debug_macro   0x00020568       0x58 ./Core/Src/fatfs_sd.o
 .debug_macro   0x000205c0       0x8e ./Core/Src/fatfs_sd.o
 .debug_macro   0x0002064e       0x1c ./Core/Src/fatfs_sd.o
 .debug_macro   0x0002066a      0x17e ./Core/Src/fatfs_sd.o
 .debug_macro   0x000207e8       0x16 ./Core/Src/fatfs_sd.o
 .debug_macro   0x000207fe       0x29 ./Core/Src/fatfs_sd.o
 .debug_macro   0x00020827       0x12 ./Core/Src/fatfs_sd.o
 .debug_macro   0x00020839       0xe2 ./Core/Src/fatfs_sd.o
 .debug_macro   0x0002091b       0x94 ./Core/Src/fatfs_sd.o
 .debug_macro   0x000209af       0x72 ./Core/Src/font.o
 .debug_macro   0x00020a21       0x34 ./Core/Src/font.o
 .debug_macro   0x00020a55      0x36e ./Core/Src/ili9341.o
 .debug_macro   0x00020dc3      0x11c ./Core/Src/ili9341.o
 .debug_macro   0x00020edf       0x9b ./Core/Src/ili9341.o
 .debug_macro   0x00020f7a       0x16 ./Core/Src/ili9341.o
 .debug_macro   0x00020f90       0x20 ./Core/Src/ili9341.o
 .debug_macro   0x00020fb0       0x56 ./Core/Src/ili9341.o
 .debug_macro   0x00021006      0x1d9 ./Core/Src/ili9341.o
 .debug_macro   0x000211df      0x1db ./Core/Src/ili9341.o
 .debug_macro   0x000213ba      0x149 ./Core/Src/ili9341.o
 .debug_macro   0x00021503       0x10 ./Core/Src/ili9341.o
 .debug_macro   0x00021513      0x118 ./Core/Src/ili9341.o
 .debug_macro   0x0002162b       0x3a ./Core/Src/ili9341.o
 .debug_macro   0x00021665      0x3a7 ./Core/Src/main.o
 .debug_macro   0x00021a0c       0x7c ./Core/Src/main.o
 .debug_macro   0x00021a88       0xeb ./Core/Src/main.o
 .debug_macro   0x00021b73       0x8e ./Core/Src/main.o
 .debug_macro   0x00021c01       0x1c ./Core/Src/main.o
 .debug_macro   0x00021c1d       0x10 ./Core/Src/main.o
 .debug_macro   0x00021c2d       0x1c ./Core/Src/main.o
 .debug_macro   0x00021c49       0x16 ./Core/Src/main.o
 .debug_macro   0x00021c5f      0x146 ./Core/Src/main.o
 .debug_macro   0x00021da5      0x1e7 ./Core/Src/stm32f4xx_hal_msp.o
 .debug_macro   0x00021f8c      0x1f1 ./Core/Src/stm32f4xx_it.o
 .debug_macro   0x0002217d      0x1d8 ./Core/Src/system_stm32f4xx.o
 .debug_macro   0x00022355      0x238 ./Drivers/STM32F4xx_HAL_Driver/Src/stm32f4xx_hal.o
 .debug_macro   0x0002258d      0x1d8 ./Drivers/STM32F4xx_HAL_Driver/Src/stm32f4xx_hal_cortex.o
 .debug_macro   0x00022765      0x1de ./Drivers/STM32F4xx_HAL_Driver/Src/stm32f4xx_hal_dma.o
 .debug_macro   0x00022943      0x1de ./Drivers/STM32F4xx_HAL_Driver/Src/stm32f4xx_hal_gpio.o
 .debug_macro   0x00022b21      0x1fc ./Drivers/STM32F4xx_HAL_Driver/Src/stm32f4xx_hal_rcc.o
 .debug_macro   0x00022d1d      0x1d8 ./Drivers/STM32F4xx_HAL_Driver/Src/stm32f4xx_hal_rcc_ex.o
 .debug_macro   0x00022ef5      0x1e7 ./Drivers/STM32F4xx_HAL_Driver/Src/stm32f4xx_hal_spi.o
 .debug_macro   0x000230dc      0x1d9 ./Drivers/STM32F4xx_HAL_Driver/Src/stm32f4xx_hal_tim.o
 .debug_macro   0x000232b5      0x1d8 ./Drivers/STM32F4xx_HAL_Driver/Src/stm32f4xx_hal_tim_ex.o
 .debug_macro   0x0002348d      0x1d9 ./Drivers/STM32F4xx_HAL_Driver/Src/stm32f4xx_hal_uart.o
 .debug_macro   0x00023666      0x30c ./FATFS/App/fatfs.o
 .debug_macro   0x00023972      0x33a ./FATFS/Target/user_diskio.o
 .debug_macro   0x00023cac      0x2f9 ./Middlewares/Third_Party/FatFs/src/ff_gen_drv.o

.debug_line     0x00000000    0x15547
 .debug_line    0x00000000     0x103d ./Core/Src/fatfs_sd.o
 .debug_line    0x0000103d      0x40c ./Core/Src/font.o
 .debug_line    0x00001449     0x12fc ./Core/Src/ili9341.o
 .debug_line    0x00002745      0xc93 ./Core/Src/main.o
 .debug_line    0x000033d8      0x929 ./Core/Src/stm32f4xx_hal_msp.o
 .debug_line    0x00003d01      0x89b ./Core/Src/stm32f4xx_it.o
 .debug_line    0x0000459c      0x7e6 ./Core/Src/system_stm32f4xx.o
 .debug_line    0x00004d82       0x7a ./Core/Startup/startup_stm32f446retx.o
 .debug_line    0x00004dfc      0xa56 ./Drivers/STM32F4xx_HAL_Driver/Src/stm32f4xx_hal.o
 .debug_line    0x00005852      0xd23 ./Drivers/STM32F4xx_HAL_Driver/Src/stm32f4xx_hal_cortex.o
 .debug_line    0x00006575      0xfbf ./Drivers/STM32F4xx_HAL_Driver/Src/stm32f4xx_hal_dma.o
 .debug_line    0x00007534      0xb94 ./Drivers/STM32F4xx_HAL_Driver/Src/stm32f4xx_hal_gpio.o
 .debug_line    0x000080c8      0xe6e ./Drivers/STM32F4xx_HAL_Driver/Src/stm32f4xx_hal_rcc.o
 .debug_line    0x00008f36     0x151f ./Drivers/STM32F4xx_HAL_Driver/Src/stm32f4xx_hal_rcc_ex.o
 .debug_line    0x0000a455     0x1cee ./Drivers/STM32F4xx_HAL_Driver/Src/stm32f4xx_hal_spi.o
 .debug_line    0x0000c143     0x37ce ./Drivers/STM32F4xx_HAL_Driver/Src/stm32f4xx_hal_tim.o
 .debug_line    0x0000f911     0x19b3 ./Drivers/STM32F4xx_HAL_Driver/Src/stm32f4xx_hal_tim_ex.o
 .debug_line    0x000112c4     0x259b ./Drivers/STM32F4xx_HAL_Driver/Src/stm32f4xx_hal_uart.o
 .debug_line    0x0001385f      0x955 ./FATFS/App/fatfs.o
 .debug_line    0x000141b4      0x9b5 ./FATFS/Target/user_diskio.o
 .debug_line    0x00014b69      0x9de ./Middlewares/Third_Party/FatFs/src/ff_gen_drv.o

.debug_str      0x00000000    0xd7939
 .debug_str     0x00000000    0xd7939 ./Core/Src/fatfs_sd.o
                              0xcede1 (size before relaxing)
 .debug_str     0x000d7939     0x3e8b ./Core/Src/font.o
 .debug_str     0x000d7939    0xd2a4a ./Core/Src/ili9341.o
 .debug_str     0x000d7939    0xd065e ./Core/Src/main.o
 .debug_str     0x000d7939    0xcbecf ./Core/Src/stm32f4xx_hal_msp.o
 .debug_str     0x000d7939    0xcb691 ./Core/Src/stm32f4xx_it.o
 .debug_str     0x000d7939    0xcadec ./Core/Src/system_stm32f4xx.o
 .debug_str     0x000d7939       0x9f ./Core/Startup/startup_stm32f446retx.o
 .debug_str     0x000d7939    0xcb9b1 ./Drivers/STM32F4xx_HAL_Driver/Src/stm32f4xx_hal.o
 .debug_str     0x000d7939    0xcb708 ./Drivers/STM32F4xx_HAL_Driver/Src/stm32f4xx_hal_cortex.o
 .debug_str     0x000d7939    0xcb1e1 ./Drivers/STM32F4xx_HAL_Driver/Src/stm32f4xx_hal_dma.o
 .debug_str     0x000d7939    0xcaf67 ./Drivers/STM32F4xx_HAL_Driver/Src/stm32f4xx_hal_gpio.o
 .debug_str     0x000d7939    0xcb225 ./Drivers/STM32F4xx_HAL_Driver/Src/stm32f4xx_hal_rcc.o
 .debug_str     0x000d7939    0xcb258 ./Drivers/STM32F4xx_HAL_Driver/Src/stm32f4xx_hal_rcc_ex.o
 .debug_str     0x000d7939    0xcb685 ./Drivers/STM32F4xx_HAL_Driver/Src/stm32f4xx_hal_spi.o
 .debug_str     0x000d7939    0xcc151 ./Drivers/STM32F4xx_HAL_Driver/Src/stm32f4xx_hal_tim.o
 .debug_str     0x000d7939    0xcb95d ./Drivers/STM32F4xx_HAL_Driver/Src/stm32f4xx_hal_tim_ex.o
 .debug_str     0x000d7939    0xcb7dc ./Drivers/STM32F4xx_HAL_Driver/Src/stm32f4xx_hal_uart.o
 .debug_str     0x000d7939    0xce7a5 ./FATFS/App/fatfs.o
 .debug_str     0x000d7939    0xce8b2 ./FATFS/Target/user_diskio.o
 .debug_str     0x000d7939    0xce6f2 ./Middlewares/Third_Party/FatFs/src/ff_gen_drv.o

.comment        0x00000000       0x43
 .comment       0x00000000       0x43 ./Core/Src/fatfs_sd.o
                                 0x44 (size before relaxing)
 .comment       0x00000043       0x44 ./Core/Src/font.o
 .comment       0x00000043       0x44 ./Core/Src/ili9341.o
 .comment       0x00000043       0x44 ./Core/Src/main.o
 .comment       0x00000043       0x44 ./Core/Src/stm32f4xx_hal_msp.o
 .comment       0x00000043       0x44 ./Core/Src/stm32f4xx_it.o
 .comment       0x00000043       0x44 ./Core/Src/system_stm32f4xx.o
 .comment       0x00000043       0x44 ./Drivers/STM32F4xx_HAL_Driver/Src/stm32f4xx_hal.o
 .comment       0x00000043       0x44 ./Drivers/STM32F4xx_HAL_Driver/Src/stm32f4xx_hal_cortex.o
 .comment       0x00000043       0x44 ./Drivers/STM32F4xx_HAL_Driver/Src/stm32f4xx_hal_dma.o
 .comment       0x00000043       0x44 ./Drivers/STM32F4xx_HAL_Driver/Src/stm32f4xx_hal_gpio.o
 .comment       0x00000043       0x44 ./Drivers/STM32F4xx_HAL_Driver/Src/stm32f4xx_hal_rcc.o
 .comment       0x00000043       0x44 ./Drivers/STM32F4xx_HAL_Driver/Src/stm32f4xx_hal_rcc_ex.o
 .comment       0x00000043       0x44 ./Drivers/STM32F4xx_HAL_Driver/Src/stm32f4xx_hal_spi.o
 .comment       0x00000043       0x44 ./Drivers/STM32F4xx_HAL_Driver/Src/stm32f4xx_hal_tim.o
 .comment       0x00000043       0x44 ./Drivers/STM32F4xx_HAL_Driver/Src/stm32f4xx_hal_tim_ex.o
 .comment       0x00000043       0x44 ./Drivers/STM32F4xx_HAL_Driver/Src/stm32f4xx_hal_uart.o
 .comment       0x00000043       0x44 ./FATFS/App/fatfs.o
 .comment       0x00000043       0x44 ./FATFS/Target/user_diskio.o
 .comment       0x00000043       0x44 ./Middlewares/Third_Party/FatFs/src/ff_gen_drv.o

.debug_frame    0x00000000     0x42ec
 .debug_frame   0x00000000      0x280 ./Core/Src/fatfs_sd.o
 .debug_frame   0x00000280      0x2cc ./Core/Src/ili9341.o
 .debug_frame   0x0000054c      0x188 ./Core/Src/main.o
 .debug_frame   0x000006d4      0x110 ./Core/Src/stm32f4xx_hal_msp.o
 .debug_frame   0x000007e4      0x184 ./Core/Src/stm32f4xx_it.o
 .debug_frame   0x00000968       0x50 ./Core/Src/system_stm32f4xx.o
 .debug_frame   0x000009b8      0x31c ./Drivers/STM32F4xx_HAL_Driver/Src/stm32f4xx_hal.o
 .debug_frame   0x00000cd4      0x4b8 ./Drivers/STM32F4xx_HAL_Driver/Src/stm32f4xx_hal_cortex.o
 .debug_frame   0x0000118c      0x230 ./Drivers/STM32F4xx_HAL_Driver/Src/stm32f4xx_hal_dma.o
 .debug_frame   0x000013bc      0x130 ./Drivers/STM32F4xx_HAL_Driver/Src/stm32f4xx_hal_gpio.o
 .debug_frame   0x000014ec      0x1d8 ./Drivers/STM32F4xx_HAL_Driver/Src/stm32f4xx_hal_rcc.o
 .debug_frame   0x000016c4      0x1d8 ./Drivers/STM32F4xx_HAL_Driver/Src/stm32f4xx_hal_rcc_ex.o
 .debug_frame   0x0000189c      0x7e0 ./Drivers/STM32F4xx_HAL_Driver/Src/stm32f4xx_hal_spi.o
 .debug_frame   0x0000207c     0x10f0 ./Drivers/STM32F4xx_HAL_Driver/Src/stm32f4xx_hal_tim.o
 .debug_frame   0x0000316c      0x600 ./Drivers/STM32F4xx_HAL_Driver/Src/stm32f4xx_hal_tim_ex.o
 .debug_frame   0x0000376c      0x8ec ./Drivers/STM32F4xx_HAL_Driver/Src/stm32f4xx_hal_uart.o
 .debug_frame   0x00004058       0x48 ./FATFS/App/fatfs.o
 .debug_frame   0x000040a0       0xc4 ./FATFS/Target/user_diskio.o
 .debug_frame   0x00004164       0xbc ./Middlewares/Third_Party/FatFs/src/ff_gen_drv.o
 .debug_frame   0x00004220       0x20 C:/ST/STM32CubeIDE_2.1.0/STM32CubeIDE/plugins/com.st.stm32cube.ide.mcu.externaltools.gnu-tools-for-stm32.14.3.rel1.win32_1.0.100.202602081740/tools/bin/../lib/gcc/arm-none-eabi/14.3.1/../../../../arm-none-eabi/lib/thumb/v7e-m+fp/hard\libc_nano.a(libc_a-memset.o)
 .debug_frame   0x00004240       0x2c C:/ST/STM32CubeIDE_2.1.0/STM32CubeIDE/plugins/com.st.stm32cube.ide.mcu.externaltools.gnu-tools-for-stm32.14.3.rel1.win32_1.0.100.202602081740/tools/bin/../lib/gcc/arm-none-eabi/14.3.1/../../../../arm-none-eabi/lib/thumb/v7e-m+fp/hard\libc_nano.a(libc_a-init.o)
 .debug_frame   0x0000426c       0x20 C:/ST/STM32CubeIDE_2.1.0/STM32CubeIDE/plugins/com.st.stm32cube.ide.mcu.externaltools.gnu-tools-for-stm32.14.3.rel1.win32_1.0.100.202602081740/tools/bin/../lib/gcc/arm-none-eabi/14.3.1/../../../../arm-none-eabi/lib/thumb/v7e-m+fp/hard\libc_nano.a(libc_a-strlen.o)
 .debug_frame   0x0000428c       0x2c C:/ST/STM32CubeIDE_2.1.0/STM32CubeIDE/plugins/com.st.stm32cube.ide.mcu.externaltools.gnu-tools-for-stm32.14.3.rel1.win32_1.0.100.202602081740/tools/bin/../lib/gcc/arm-none-eabi/14.3.1/thumb/v7e-m+fp/hard\libgcc.a(_aeabi_uldivmod.o)
 .debug_frame   0x000042b8       0x34 C:/ST/STM32CubeIDE_2.1.0/STM32CubeIDE/plugins/com.st.stm32cube.ide.mcu.externaltools.gnu-tools-for-stm32.14.3.rel1.win32_1.0.100.202602081740/tools/bin/../lib/gcc/arm-none-eabi/14.3.1/thumb/v7e-m+fp/hard\libgcc.a(_udivmoddi4.o)

.debug_line_str
                0x00000000       0x83
 .debug_line_str
                0x00000000       0x83 ./Core/Startup/startup_stm32f446retx.o
