../Core/Src/main.c:103:6:actualizar_leds	16	static
../Core/Src/main.c:120:9:contar_B	16	static
../Core/Src/main.c:138:5:main	16	static
../Core/Src/main.c:245:6:SystemClock_Config	88	static
../Core/Src/main.c:293:13:MX_ADC2_Init	24	static
../Core/Src/main.c:372:13:MX_I2C1_Init	8	static
../Core/Src/main.c:406:13:MX_TIM3_Init	64	static
../Core/Src/main.c:465:13:MX_USART2_UART_Init	8	static
../Core/Src/main.c:496:13:MX_DMA_Init	16	static
../Core/Src/main.c:518:13:MX_GPIO_Init	48	static
../Core/Src/main.c:593:6:display_show	24	static
../Core/Src/main.c:660:6:HAL_I2C_ListenCpltCallback	16	static
../Core/Src/main.c:664:6:HAL_I2C_SlaveTxCpltCallback	16	static
../Core/Src/main.c:667:6:HAL_I2C_SlaveRxCpltCallback	16	static
../Core/Src/main.c:670:6:HAL_I2C_AddrCallback	16	static
../Core/Src/main.c:686:6:HAL_I2C_ErrorCallback	16	static
../Core/Src/main.c:698:6:Error_Handler	4	static,ignoring_inline_asm
