../Core/Src/main.c:119:6:parqueos_disponiblesA	24	static
../Core/Src/main.c:164:6:parqueos_disponiblesB	16	static
../Core/Src/main.c:175:5:main	160	static
../Core/Src/main.c:494:6:SystemClock_Config	88	static
../Core/Src/main.c:542:13:MX_ADC2_Init	24	static
../Core/Src/main.c:630:13:MX_SPI1_Init	8	static
../Core/Src/main.c:668:13:MX_TIM2_Init	32	static
../Core/Src/main.c:713:13:MX_UART5_Init	8	static
../Core/Src/main.c:746:13:MX_USART1_UART_Init	8	static
../Core/Src/main.c:779:13:MX_USART2_UART_Init	8	static
../Core/Src/main.c:812:13:MX_USART3_UART_Init	8	static
../Core/Src/main.c:843:13:MX_DMA_Init	16	static
../Core/Src/main.c:864:13:MX_GPIO_Init	48	static
../Core/Src/main.c:919:6:HAL_SPI_TxCpltCallback	16	static
../Core/Src/main.c:931:6:Error_Handler	4	static,ignoring_inline_asm
