../Core/Src/main.c:127:6:parqueos_disponiblesA	24	static
../Core/Src/main.c:153:6:parqueos_disponiblesB	24	static
../Core/Src/main.c:177:6:borrar_sprite	56	static
../Core/Src/main.c:193:6:actualizar_leds	16	static
../Core/Src/main.c:230:5:main	160	static
../Core/Src/main.c:571:6:SystemClock_Config	88	static
../Core/Src/main.c:619:13:MX_ADC2_Init	24	static
../Core/Src/main.c:707:13:MX_SPI1_Init	8	static
../Core/Src/main.c:745:13:MX_TIM1_Init	96	static
../Core/Src/main.c:820:13:MX_UART5_Init	8	static
../Core/Src/main.c:853:13:MX_USART1_UART_Init	8	static
../Core/Src/main.c:886:13:MX_USART2_UART_Init	8	static
../Core/Src/main.c:919:13:MX_USART3_UART_Init	8	static
../Core/Src/main.c:950:13:MX_DMA_Init	16	static
../Core/Src/main.c:974:13:MX_GPIO_Init	48	static
../Core/Src/main.c:1029:6:HAL_SPI_TxCpltCallback	16	static
../Core/Src/main.c:1041:6:Error_Handler	4	static,ignoring_inline_asm
